[14:20:59] [main/INFO] (Launcher) ModLauncher running: args [--launchTarget, forgeclientdev, --version, 21.1.215, --assetIndex, 1.21.1-17, --assetsDir, C:\Users\koji\.gradle\caches\fabric-loom\assets, --gameDir, ., --fml.fmlVersion, 4.0.42, --fml.mcVersion, 1.21.1, --fml.neoForgeVersion, 21.1.215, --fml.neoFormVersion, 20240808.144430]
[14:20:59] [main/INFO] (Launcher) JVM identified as Microsoft OpenJDK 64-Bit Server VM 21.0.9+10-LTS
[14:20:59] [main/INFO] (Launcher) ModLauncher 11.0.5+main.901c6ea8 starting: java version 21.0.9 by Microsoft; OS Windows 11 arch amd64 version 10.0
[14:20:59] [main/INFO] (unprotect) Initializing Unprotect using ModLauncher backend, target: Minecraft and loader classes (minecraft+forge)
[14:20:59] [main/INFO] (ImmediateWindowHandler) Loading ImmediateWindowProvider fmlearlywindow
[14:20:59] [main/INFO] (EARLYDISPLAY) Trying GL version 4.6
[14:20:59] [main/INFO] (EARLYDISPLAY) Requested GL version 4.6 got version 4.6
[14:20:59] [main/INFO] (mixin) SpongePowered MIXIN Subsystem Version=0.8.7 Source=union:/C:/Users/koji/.gradle/caches/modules-2/files-2.1/net.fabricmc/sponge-mixin/0.15.2+mixin.0.8.7/2af2f021d8e02a0220dc27a7a72b4666d66d44ca/sponge-mixin-0.15.2+mixin.0.8.7.jar%23126!/ Service=ModLauncher Env=CLIENT
[14:20:59] [main/INFO] (ModDiscoverer) Found mod file "neoforge-21.1.215-minecraft-merged-1.21.1-loom.mappings.1_21_1.layered+hash.729445375-v2-neoforge-21.1.215.jar" [locator: neoforge devenv provider ([C:\Users\koji\.gradle\caches\fabric-loom\minecraftMaven\net\minecraft\neoforge-21.1.215-minecraft-merged\1.21.1-loom.mappings.1_21_1.layered+hash.729445375-v2-neoforge-21.1.215\neoforge-21.1.215-minecraft-merged-1.21.1-loom.mappings.1_21_1.layered+hash.729445375-v2-neoforge-21.1.215.jar])]
[14:21:00] [main/INFO] (ModDiscoverer) Found mod file "neoforge-21.1.215-minecraft-merged-1.21.1-loom.mappings.1_21_1.layered+hash.729445375-v2-neoforge-21.1.215.jar" [locator: neoforge devenv provider ([C:\Users\koji\.gradle\caches\fabric-loom\minecraftMaven\net\minecraft\neoforge-21.1.215-minecraft-merged\1.21.1-loom.mappings.1_21_1.layered+hash.729445375-v2-neoforge-21.1.215\neoforge-21.1.215-minecraft-merged-1.21.1-loom.mappings.1_21_1.layered+hash.729445375-v2-neoforge-21.1.215.jar])]
[14:21:00] [pool-5-thread-1/INFO] (EARLYDISPLAY) GL info: NVIDIA GeForce RTX 2060/PCIe/SSE2 GL version 4.6.0 NVIDIA 581.80, NVIDIA Corporation
[14:21:00] [main/INFO] (ModDiscoverer) Found mod file "main" [locator: userdev mods and services, reader: mod manifest]
[14:21:00] [main/INFO] (ModDiscoverer) Found mod file "neoforge-21.1.215-minecraft-merged-1.21.1-loom.mappings.1_21_1.layered+hash.729445375-v2-neoforge-21.1.215.jar" [locator: userdev mods and services, reader: mod manifest]
[14:21:00] [main/INFO] (ModDiscoverer) Found mod file "kffmod-neoforge-5.9.0.jar" [locator: userdev mods and services, reader: mod manifest]
[14:21:00] [main/INFO] (ModDiscoverer) Found mod file "7888380194053334699.jar" [locator: userdev mods and services, reader: mod manifest]
[14:21:00] [main/INFO] (ModDiscoverer) Found library file "kotlinforforge-neoforge-5.9.0.jar" [locator: userdev mods and services, reader: mod manifest]
[14:21:00] [main/INFO] (ModDiscoverer) Found gamelibrary file "mixinextras-neoforge-0.5.0.jar" [locator: userdev mods and services, reader: mod manifest]
[14:21:00] [main/INFO] (ModDiscoverer) Found library file "kfflang-neoforge-5.9.0.jar" [locator: userdev mods and services, reader: mod manifest]
[14:21:00] [main/INFO] (ModDiscoverer) Found gamelibrary file "kfflib-neoforge-5.9.0.jar" [locator: userdev mods and services, reader: mod manifest]
[14:21:00] [main/WARN] (JarSelector) Attempted to select a dependency jar for JarJar which was passed in as source: library:mixinextras.neoforge. Using Mod File: C:\Users\koji\.gradle\caches\modules-2\files-2.1\io.github.llamalad7\mixinextras-neoforge\0.5.0\d734b83ce6542bb70ea31755c1595b88992dbe65\mixinextras-neoforge-0.5.0.jar
[14:21:00] [main/INFO] (JarInJarDependencyLocator) Found 9 dependencies adding them to mods collection
[14:21:00] [main/INFO] (ModDiscoverer) Found library file "kotlinx-serialization-core-jvm-1.8.1.jar" [parent: kotlinforforge-neoforge-5.9.0.jar, locator: jarinjar]
[14:21:00] [main/INFO] (ModDiscoverer) Found library file "kotlin-stdlib-2.1.21.jar" [parent: kotlinforforge-neoforge-5.9.0.jar, locator: jarinjar]
[14:21:00] [main/INFO] (ModDiscoverer) Found library file "kotlinx-coroutines-jdk8-1.10.2.jar" [parent: kotlinforforge-neoforge-5.9.0.jar, locator: jarinjar]
[14:21:00] [main/INFO] (ModDiscoverer) Found library file "kotlin-reflect-2.1.21.jar" [parent: kotlinforforge-neoforge-5.9.0.jar, locator: jarinjar]
[14:21:00] [main/INFO] (ModDiscoverer) Found library file "kotlinx-serialization-json-jvm-1.8.1.jar" [parent: kotlinforforge-neoforge-5.9.0.jar, locator: jarinjar]
[14:21:00] [main/INFO] (ModDiscoverer) Found library file "kotlinx-coroutines-core-jvm-1.10.2.jar" [parent: kotlinforforge-neoforge-5.9.0.jar, locator: jarinjar]
[14:21:00] [main/INFO] (ModDiscoverer) Found library file "net.neoforged.neoforge-coremods-21.1.215.jar" [parent: neoforge-21.1.215-minecraft-merged-1.21.1-loom.mappings.1_21_1.layered+hash.729445375-v2-neoforge-21.1.215.jar, locator: jarinjar, reader: mod manifest]
[14:21:00] [main/INFO] (ModDiscoverer) Found library file "kotlin-stdlib-jdk7-2.1.21.jar" [parent: kotlinforforge-neoforge-5.9.0.jar, locator: jarinjar]
[14:21:00] [main/INFO] (ModDiscoverer) Found library file "kotlin-stdlib-jdk8-2.1.21.jar" [parent: kotlinforforge-neoforge-5.9.0.jar, locator: jarinjar]
[14:21:00] [main/INFO] (ModDiscoverer) 
     Mod List:
		Name Version (Mod Id)

		generated_fe7871b 1 (generated_fe7871b)
		Koko 1.0.0 (koko)
		Kotlin For Forge 5.9.0 (kotlinforforge)
		Minecraft 1.21.1 (minecraft)
		NeoForge 21.1.215 (neoforge)
[14:21:01] [main/INFO] (mixin) Compatibility level set to JAVA_21
[14:21:01] [main/INFO] (LaunchServiceHandler) Launching target 'forgeclientdev' with arguments [--version, 21.1.215, --gameDir, ., --assetsDir, C:\Users\koji\.gradle\caches\fabric-loom\assets, --assetIndex, 1.21.1-17]
[14:21:01] [main/INFO] (unprotect) Found 8254 Minecraft classes
[03mar.2026 14:21:03.636] [Datafixer Bootstrap/INFO] [com.mojang.datafixers.DataFixerBuilder/]: 229 Datafixer optimizations took 711 milliseconds
[03mar.2026 14:21:03.934] [pool-12-thread-1/INFO] [MixinExtras|Service/]: Initializing MixinExtras via com.llamalad7.mixinextras.service.MixinExtrasServiceImpl(version=0.5.0).
[03mar.2026 14:21:11.347] [main/WARN] [net.minecraft.commands.Commands/]: Ambiguity between arguments [teleport, location] and [teleport, destination] with inputs: [0.1 -0.5 .9, 0 0 0]
[03mar.2026 14:21:11.349] [main/WARN] [net.minecraft.commands.Commands/]: Ambiguity between arguments [teleport, location] and [teleport, targets] with inputs: [0.1 -0.5 .9, 0 0 0]
[03mar.2026 14:21:11.353] [main/WARN] [net.minecraft.commands.Commands/]: Ambiguity between arguments [teleport, destination] and [teleport, targets] with inputs: [Player, 0123, @e, dd12be42-52a9-4a91-a8a1-11c01849e498]
[03mar.2026 14:21:11.354] [main/WARN] [net.minecraft.commands.Commands/]: Ambiguity between arguments [teleport, targets] and [teleport, destination] with inputs: [Player, 0123, dd12be42-52a9-4a91-a8a1-11c01849e498]
[03mar.2026 14:21:11.355] [main/WARN] [net.minecraft.commands.Commands/]: Ambiguity between arguments [teleport, targets, location] and [teleport, targets, destination] with inputs: [0.1 -0.5 .9, 0 0 0]
[03mar.2026 14:21:11.491] [Render thread/WARN] [net.minecraft.server.packs.VanillaPackResourcesBuilder/]: Assets URL 'union:/C:/Users/koji/.gradle/caches/fabric-loom/minecraftMaven/net/minecraft/neoforge-21.1.215-minecraft-merged/1.21.1-loom.mappings.1_21_1.layered+hash.729445375-v2-neoforge-21.1.215/neoforge-21.1.215-minecraft-merged-1.21.1-loom.mappings.1_21_1.layered+hash.729445375-v2-neoforge-21.1.215.jar%23200!/assets/.mcassetsroot' uses unexpected schema
[03mar.2026 14:21:11.491] [Render thread/WARN] [net.minecraft.server.packs.VanillaPackResourcesBuilder/]: Assets URL 'union:/C:/Users/koji/.gradle/caches/fabric-loom/minecraftMaven/net/minecraft/neoforge-21.1.215-minecraft-merged/1.21.1-loom.mappings.1_21_1.layered+hash.729445375-v2-neoforge-21.1.215/neoforge-21.1.215-minecraft-merged-1.21.1-loom.mappings.1_21_1.layered+hash.729445375-v2-neoforge-21.1.215.jar%23200!/data/.mcassetsroot' uses unexpected schema
[03mar.2026 14:21:11.521] [Render thread/INFO] [com.mojang.authlib.yggdrasil.YggdrasilAuthenticationService/]: Environment: Environment[sessionHost=https://sessionserver.mojang.com, servicesHost=https://api.minecraftservices.com, name=PROD]
[03mar.2026 14:21:11.533] [Render thread/INFO] [net.minecraft.client.Minecraft/]: Setting user: Dev
[03mar.2026 14:21:11.634] [Render thread/INFO] [net.minecraft.client.Minecraft/]: Backend library: LWJGL version 3.3.3+5
[03mar.2026 14:21:11.888] [modloading-worker-0/INFO] [net.neoforged.neoforge.common.NeoForgeMod/NEOFORGE-MOD]: NeoForge mod loading, version 21.1.215, for MC 1.21.1
[03mar.2026 14:21:12.263] [modloading-worker-0/INFO] [thedarkcolour.kotlinforforge.neoforge.test.KotlinForForge/]: Kotlin For Forge Enabled!
[03mar.2026 14:21:12.420] [modloading-worker-0/INFO] [dev.koji.koko.Koko/]: Koko is loading...
[03mar.2026 14:21:12.516] [modloading-worker-0/INFO] [dev.koji.koko.Koko/]: Koko has been successfully loaded.
[03mar.2026 14:21:14.924] [Render thread/INFO] [net.neoforged.neoforge.gametest.GameTestHooks/]: Enabled Gametest Namespaces: []
[03mar.2026 14:21:15.150] [Render thread/INFO] [net.minecraft.server.packs.resources.ReloadableResourceManager/]: Reloading ResourceManager: vanilla, mod_resources, mod/kotlinforforge, mod/generated_fe7871b, mod/koko, mod/neoforge
[03mar.2026 14:21:15.548] [Worker-Main-5/INFO] [net.minecraft.client.gui.font.providers.UnihexProvider/]: Found unifont_all_no_pua-15.1.05.hex, loading
[03mar.2026 14:21:15.614] [Worker-Main-8/INFO] [net.minecraft.client.gui.font.providers.UnihexProvider/]: Found unifont_jp_patch-15.1.05.hex, loading
[03mar.2026 14:21:17.137] [Render thread/WARN] [net.minecraft.client.sounds.SoundEngine/]: Missing sound for event: minecraft:item.goat_horn.play
[03mar.2026 14:21:17.138] [Render thread/WARN] [net.minecraft.client.sounds.SoundEngine/]: Missing sound for event: minecraft:entity.goat.screaming.horn_break
[03mar.2026 14:21:17.184] [Render thread/INFO] [com.mojang.blaze3d.audio.Library/]: OpenAL initialized on device OpenAL Soft on Realtek HD Audio 2nd output (Realtek(R) Audio)
[03mar.2026 14:21:17.185] [Render thread/INFO] [net.minecraft.client.sounds.SoundEngine/SOUNDS]: Sound engine started
[03mar.2026 14:21:17.284] [Render thread/INFO] [net.minecraft.client.renderer.texture.TextureAtlas/]: Created: 1024x512x4 minecraft:textures/atlas/blocks.png-atlas
[03mar.2026 14:21:17.294] [Render thread/INFO] [net.minecraft.client.renderer.texture.TextureAtlas/]: Created: 256x256x4 minecraft:textures/atlas/signs.png-atlas
[03mar.2026 14:21:17.295] [Render thread/INFO] [net.minecraft.client.renderer.texture.TextureAtlas/]: Created: 512x512x4 minecraft:textures/atlas/shield_patterns.png-atlas
[03mar.2026 14:21:17.295] [Render thread/INFO] [net.minecraft.client.renderer.texture.TextureAtlas/]: Created: 512x512x4 minecraft:textures/atlas/banner_patterns.png-atlas
[03mar.2026 14:21:17.296] [Render thread/INFO] [net.minecraft.client.renderer.texture.TextureAtlas/]: Created: 1024x1024x4 minecraft:textures/atlas/armor_trims.png-atlas
[03mar.2026 14:21:17.298] [Render thread/INFO] [net.minecraft.client.renderer.texture.TextureAtlas/]: Created: 256x256x4 minecraft:textures/atlas/chest.png-atlas
[03mar.2026 14:21:17.298] [Render thread/INFO] [net.minecraft.client.renderer.texture.TextureAtlas/]: Created: 128x64x4 minecraft:textures/atlas/decorated_pot.png-atlas
[03mar.2026 14:21:17.298] [Render thread/INFO] [net.minecraft.client.renderer.texture.TextureAtlas/]: Created: 512x256x4 minecraft:textures/atlas/shulker_boxes.png-atlas
[03mar.2026 14:21:17.300] [Render thread/INFO] [net.minecraft.client.renderer.texture.TextureAtlas/]: Created: 512x256x4 minecraft:textures/atlas/beds.png-atlas
[03mar.2026 14:21:17.506] [Render thread/INFO] [net.minecraft.client.renderer.texture.TextureAtlas/]: Created: 512x256x0 minecraft:textures/atlas/particles.png-atlas
[03mar.2026 14:21:17.508] [Render thread/INFO] [net.minecraft.client.renderer.texture.TextureAtlas/]: Created: 512x256x0 minecraft:textures/atlas/paintings.png-atlas
[03mar.2026 14:21:17.510] [Render thread/INFO] [net.minecraft.client.renderer.texture.TextureAtlas/]: Created: 256x128x0 minecraft:textures/atlas/mob_effects.png-atlas
[03mar.2026 14:21:17.510] [Render thread/INFO] [net.minecraft.client.renderer.texture.TextureAtlas/]: Created: 64x64x0 minecraft:textures/atlas/map_decorations.png-atlas
[03mar.2026 14:21:17.510] [Render thread/INFO] [net.minecraft.client.renderer.texture.TextureAtlas/]: Created: 1024x512x0 minecraft:textures/atlas/gui.png-atlas
[03mar.2026 14:21:17.541] [Render thread/WARN] [net.minecraft.client.renderer.ShaderInstance/]: Shader rendertype_entity_translucent_emissive could not find sampler named Sampler2 in the specified shader program.
[03mar.2026 14:21:17.622] [Render thread/INFO] [net.neoforged.neoforge.client.entity.animation.json.AnimationLoader/]: Loaded 0 entity animations
[03mar.2026 14:21:31.564] [Render thread/WARN] [net.neoforged.neoforge.common.CommonHooks/WP]: The following mods have version differences that were not resolved:
generated_5b1641f (version 1 -> MISSING)
Things may not work well.
[03mar.2026 14:21:32.428] [Render thread/INFO] [net.minecraft.world.item.crafting.RecipeManager/]: Loaded 1290 recipes
[03mar.2026 14:21:32.636] [Render thread/INFO] [net.minecraft.advancements.AdvancementTree/]: Loaded 1399 advancements
[03mar.2026 14:21:33.112] [Server thread/INFO] [net.minecraft.client.server.IntegratedServer/]: Starting integrated minecraft server version 1.21.1
[03mar.2026 14:21:33.112] [Server thread/INFO] [net.minecraft.server.MinecraftServer/]: Generating keypair
[03mar.2026 14:21:33.385] [Server thread/INFO] [net.minecraft.server.MinecraftServer/]: Preparing start region for dimension minecraft:overworld
[03mar.2026 14:21:33.640] [progressListener/INFO] [net.minecraft.server.level.progress.LoggerChunkProgressListener/]: Preparing spawn area: 0%
[03mar.2026 14:21:33.701] [Server thread/INFO] [net.neoforged.neoforge.server.permission.PermissionAPI/]: Successfully initialized permission handler neoforge:default_handler
[03mar.2026 14:21:33.705] [progressListener/INFO] [net.minecraft.server.level.progress.LoggerChunkProgressListener/]: Time elapsed: 300 ms
[03mar.2026 14:21:33.819] [Server thread/INFO] [net.minecraft.client.server.IntegratedServer/]: Changing view distance to 12, from 10
[03mar.2026 14:21:33.820] [Server thread/INFO] [net.minecraft.client.server.IntegratedServer/]: Changing simulation distance to 12, from 0
[03mar.2026 14:21:34.835] [Server thread/INFO] [net.minecraft.server.players.PlayerList/]: Dev[local:E:65eb890a] logged in with entity id 24 at (7.5, -60.0, -8.5)
[03mar.2026 14:21:34.916] [Server thread/INFO] [net.minecraft.server.MinecraftServer/]: Dev joined the game
[03mar.2026 14:21:35.068] [Render thread/INFO] [net.minecraft.advancements.AdvancementTree/]: Loaded 2 advancements
[03mar.2026 14:21:40.641] [Render thread/INFO] [net.minecraft.client.gui.components.ChatComponent/]: [System] [CHAT] Unknown or incomplete command, see below for error
[03mar.2026 14:21:40.646] [Render thread/INFO] [net.minecraft.client.gui.components.ChatComponent/]: [System] [CHAT] koko add d<--[HERE]
[03mar.2026 14:21:42.345] [Render thread/INFO] [net.minecraft.client.gui.components.ChatComponent/]: [System] [CHAT] No player was found
[03mar.2026 14:21:50.805] [Server thread/INFO] [net.minecraft.client.server.IntegratedServer/]: Saving and pausing game...
[03mar.2026 14:21:50.821] [Server thread/INFO] [net.minecraft.server.MinecraftServer/]: Saving chunks for level 'ServerLevel[New World]'/minecraft:overworld
[03mar.2026 14:21:50.834] [Server thread/INFO] [net.minecraft.server.MinecraftServer/]: Saving chunks for level 'ServerLevel[New World]'/minecraft:the_end
[03mar.2026 14:21:50.834] [Server thread/INFO] [net.minecraft.server.MinecraftServer/]: Saving chunks for level 'ServerLevel[New World]'/minecraft:the_nether
[03mar.2026 14:21:51.561] [Server thread/INFO] [net.minecraft.server.network.ServerGamePacketListenerImpl/]: Dev lost connection: Disconnected
[03mar.2026 14:21:51.561] [Server thread/INFO] [net.minecraft.server.MinecraftServer/]: Dev left the game
[03mar.2026 14:21:51.574] [Server thread/INFO] [net.minecraft.server.network.ServerCommonPacketListenerImpl/]: Stopping singleplayer server as player logged out
[03mar.2026 14:21:51.626] [Server thread/INFO] [net.minecraft.server.MinecraftServer/]: Stopping server
[03mar.2026 14:21:51.627] [Server thread/INFO] [net.minecraft.server.MinecraftServer/]: Saving players
[03mar.2026 14:21:51.628] [Server thread/INFO] [net.minecraft.server.MinecraftServer/]: Saving worlds
[03mar.2026 14:21:53.260] [Server thread/INFO] [net.minecraft.server.MinecraftServer/]: Saving chunks for level 'ServerLevel[New World]'/minecraft:overworld
[03mar.2026 14:21:53.296] [Server thread/INFO] [net.minecraft.server.MinecraftServer/]: Saving chunks for level 'ServerLevel[New World]'/minecraft:the_end
[03mar.2026 14:21:53.301] [Server thread/INFO] [net.minecraft.server.MinecraftServer/]: Saving chunks for level 'ServerLevel[New World]'/minecraft:the_nether
[03mar.2026 14:21:53.311] [Server thread/INFO] [net.minecraft.server.MinecraftServer/]: ThreadedAnvilChunkStorage (New World (1)): All chunks are saved
[03mar.2026 14:21:53.311] [Server thread/INFO] [net.minecraft.server.MinecraftServer/]: ThreadedAnvilChunkStorage (DIM1): All chunks are saved
[03mar.2026 14:21:53.311] [Server thread/INFO] [net.minecraft.server.MinecraftServer/]: ThreadedAnvilChunkStorage (DIM-1): All chunks are saved
[03mar.2026 14:21:53.311] [Server thread/INFO] [net.minecraft.server.MinecraftServer/]: ThreadedAnvilChunkStorage: All dimensions are saved
[03mar.2026 14:21:54.009] [Render thread/INFO] [net.minecraft.client.Minecraft/]: Stopping!
