[Architectury Transformer DEBUG] 
[Architectury Transformer DEBUG] ============================
[Architectury Transformer DEBUG] Transforming from C:\Users\koji\Desktop\ArcSteam\Koko\common\build\devlibs\koko-common-2.0.0-dev.jar to C:\Users\koji\Desktop\ArcSteam\Koko\common\build\libs\koko-common-2.0.0-transformProductionNeoForge.jar
[Architectury Transformer DEBUG] ============================
[Architectury Transformer DEBUG] 
[Architectury Transformer DEBUG] Transforming 5 transformer(s) from C:\Users\koji\Desktop\ArcSteam\Koko\common\build\devlibs\koko-common-2.0.0-dev.jar to C:\Users\koji\Desktop\ArcSteam\Koko\common\build\libs\koko-common-2.0.0-transformProductionNeoForge.jar: 
[Architectury Transformer DEBUG]  - dev.architectury.transformer.transformers.TransformExpectPlatform@4747b170
[Architectury Transformer DEBUG]  - dev.architectury.transformer.transformers.RemapInjectables@1890d242
[Architectury Transformer DEBUG]  - dev.architectury.transformer.transformers.TransformPlatformOnly@c6ae2b4
[Architectury Transformer DEBUG]  - dev.architectury.transformer.transformers.TransformNeoForgeAnnotations@65ac95fd
[Architectury Transformer DEBUG]  - dev.architectury.transformer.transformers.TransformNeoForgeEnvironment@1f9a7409
[Architectury Transformer DEBUG] Transforming from C:\Users\koji\Desktop\ArcSteam\Koko\common\build\devlibs\koko-common-2.0.0-dev.jar to C:\Users\koji\Desktop\ArcSteam\Koko\common\build\libs\koko-common-2.0.0-transformProductionNeoForge.jar with 5 transformer(s) on dev.architectury.transformer.handler.SimpleTransformerHandler
[Architectury Transformer DEBUG] Remapping with 1 mapping provider(s):
[Architectury Transformer DEBUG]  - dev.architectury.transformer.transformers.TransformNeoForgeEnvironment$$Lambda/0x00000282ca259400@38ec0148
[Architectury Transformer DEBUG] Provided 62 classpath jar(s):
[Architectury Transformer DEBUG]  - C:\Users\koji\.gradle\caches\modules-2\files-2.1\org.jetbrains.kotlin\kotlin-stdlib\2.0.0\b48df2c4aede9586cc931ead433bc02d6fd7879e\kotlin-stdlib-2.0.0.jar
[Architectury Transformer DEBUG]  - C:\Users\koji\.gradle\caches\modules-2\files-2.1\dev.architectury\architectury-injectables\1.0.10\62db2a366d662606d1b23ad02ccc3212ed37ec3\architectury-injectables-1.0.10.jar
[Architectury Transformer DEBUG]  - C:\Users\koji\.gradle\caches\modules-2\files-2.1\net.fabricmc\fabric-loader\0.18.4\dc4682125d5db647d6ce80a98b98945835adcd4b\fabric-loader-0.18.4.jar
[Architectury Transformer DEBUG]  - C:\Users\koji\.gradle\caches\modules-2\files-2.1\org.jetbrains\annotations\26.0.2\c7ce3cdeda3d18909368dfe5977332dfad326c6d\annotations-26.0.2.jar
[Architectury Transformer DEBUG]  - C:\Users\koji\.gradle\caches\modules-2\files-2.1\top.theillusivec4.curios\curios-neoforge\9.5.1+1.21.1\cb1f24ce0b444608e635057bf0821cc56d455ef0\curios-neoforge-9.5.1+1.21.1-api.jar
[Architectury Transformer DEBUG]  - C:\Users\koji\.gradle\caches\modules-2\files-2.1\io.redspace\irons_spellbooks\1.21.1-3.15.0\3803ed5b3094cd1fbf75229d10f9acd94e649e85\irons_spellbooks-1.21.1-3.15.0-api.jar
[Architectury Transformer DEBUG]  - C:\Users\koji\.gradle\caches\modules-2\files-2.1\org.ow2.asm\asm\9.9\c29635c8a7afa03d74b33c1884df8abb2b3f3dcc\asm-9.9.jar
[Architectury Transformer DEBUG]  - C:\Users\koji\.gradle\caches\modules-2\files-2.1\org.ow2.asm\asm-analysis\9.9\bf4fa6e66638851c1cd22c2caea0c3ee5d5f437\asm-analysis-9.9.jar
[Architectury Transformer DEBUG]  - C:\Users\koji\.gradle\caches\modules-2\files-2.1\org.ow2.asm\asm-commons\9.9\db9165a3bf908ded6b08612d583a15d1d0c7bda0\asm-commons-9.9.jar
[Architectury Transformer DEBUG]  - C:\Users\koji\.gradle\caches\modules-2\files-2.1\org.ow2.asm\asm-tree\9.9\f8de6eead6d24dd0f45bd065bbe112b2cda6ea21\asm-tree-9.9.jar
[Architectury Transformer DEBUG]  - C:\Users\koji\.gradle\caches\modules-2\files-2.1\org.ow2.asm\asm-util\9.9\42fdfc0508b43807c8078d6e82ecff2ce2112ae8\asm-util-9.9.jar
[Architectury Transformer DEBUG]  - C:\Users\koji\.gradle\caches\modules-2\files-2.1\net.fabricmc\sponge-mixin\0.17.0+mixin.0.8.7\cf31463202f72d03b0ef1e1e38e8ee71b7faaab6\sponge-mixin-0.17.0+mixin.0.8.7.jar
[Architectury Transformer DEBUG]  - C:\Users\koji\.gradle\caches\modules-2\files-2.1\io.github.llamalad7\mixinextras-fabric\0.5.0\91a83dfb7abd320f6236bd1fcf5c0ff143d59a13\mixinextras-fabric-0.5.0.jar
[Architectury Transformer DEBUG]  - C:\Users\koji\.gradle\caches\modules-2\files-2.1\com.github.oshi\oshi-core\6.4.10\b1d8ab82d11d92fd639b56d639f8f46f739dd5fa\oshi-core-6.4.10.jar
[Architectury Transformer DEBUG]  - C:\Users\koji\.gradle\caches\modules-2\files-2.1\com.google.code.gson\gson\2.10.1\b3add478d4382b78ea20b1671390a858002feb6c\gson-2.10.1.jar
[Architectury Transformer DEBUG]  - C:\Users\koji\.gradle\caches\modules-2\files-2.1\com.google.guava\failureaccess\1.0.1\1dcf1de382a0bf95a3d8b0849546c88bac1292c9\failureaccess-1.0.1.jar
[Architectury Transformer DEBUG]  - C:\Users\koji\.gradle\caches\modules-2\files-2.1\com.google.guava\guava\32.1.2-jre\5e64ec7e056456bef3a4bc4c6fdaef71e8ab6318\guava-32.1.2-jre.jar
[Architectury Transformer DEBUG]  - C:\Users\koji\.gradle\caches\modules-2\files-2.1\com.ibm.icu\icu4j\73.2\61ad4ef7f9131fcf6d25c34b817f90d6da06c9e9\icu4j-73.2.jar
[Architectury Transformer DEBUG]  - C:\Users\koji\.gradle\caches\modules-2\files-2.1\com.mojang\authlib\6.0.54\de8bc95660e1b2fe8793fd427a7a10dcec5b3ea7\authlib-6.0.54.jar
[Architectury Transformer DEBUG]  - C:\Users\koji\.gradle\caches\modules-2\files-2.1\com.mojang\blocklist\1.0.10\5c685c5ffa94c4cd39496c7184c1d122e515ecef\blocklist-1.0.10.jar
[Architectury Transformer DEBUG]  - C:\Users\koji\.gradle\caches\modules-2\files-2.1\com.mojang\brigadier\1.3.10\d15b53a14cf20fdcaa98f731af5dda654452c010\brigadier-1.3.10.jar
[Architectury Transformer DEBUG]  - C:\Users\koji\.gradle\caches\modules-2\files-2.1\com.mojang\datafixerupper\8.0.16\67d4de6d7f95d89bcf5862995fb854ebaec02a34\datafixerupper-8.0.16.jar
[Architectury Transformer DEBUG]  - C:\Users\koji\.gradle\caches\modules-2\files-2.1\com.mojang\logging\1.2.7\24cb95ffb0e3433fd6e844c04e68009e504ca1c0\logging-1.2.7.jar
[Architectury Transformer DEBUG]  - C:\Users\koji\.gradle\caches\modules-2\files-2.1\com.mojang\patchy\2.2.10\da05971b07cbb379d002cf7eaec6a2048211fefc\patchy-2.2.10.jar
[Architectury Transformer DEBUG]  - C:\Users\koji\.gradle\caches\modules-2\files-2.1\com.mojang\text2speech\1.17.9\3cad216e3a7f0c19b4b394388bc9ffc446f13b14\text2speech-1.17.9.jar
[Architectury Transformer DEBUG]  - C:\Users\koji\.gradle\caches\modules-2\files-2.1\commons-codec\commons-codec\1.16.0\4e3eb3d79888d76b54e28b350915b5dc3919c9de\commons-codec-1.16.0.jar
[Architectury Transformer DEBUG]  - C:\Users\koji\.gradle\caches\modules-2\files-2.1\commons-io\commons-io\2.15.1\f11560da189ab563a5c8e351941415430e9304ea\commons-io-2.15.1.jar
[Architectury Transformer DEBUG]  - C:\Users\koji\.gradle\caches\modules-2\files-2.1\commons-logging\commons-logging\1.2\4bfc12adfe4842bf07b657f0369c4cb522955686\commons-logging-1.2.jar
[Architectury Transformer DEBUG]  - C:\Users\koji\.gradle\caches\modules-2\files-2.1\io.netty\netty-buffer\4.1.97.Final\f8f3d8644afa5e6e1a40a3a6aeb9d9aa970ecb4f\netty-buffer-4.1.97.Final.jar
[Architectury Transformer DEBUG]  - C:\Users\koji\.gradle\caches\modules-2\files-2.1\io.netty\netty-codec\4.1.97.Final\384ba4d75670befbedb45c4d3b497a93639c206d\netty-codec-4.1.97.Final.jar
[Architectury Transformer DEBUG]  - C:\Users\koji\.gradle\caches\modules-2\files-2.1\io.netty\netty-common\4.1.97.Final\7cceacaf11df8dc63f23d0fb58e9d4640fc88404\netty-common-4.1.97.Final.jar
[Architectury Transformer DEBUG]  - C:\Users\koji\.gradle\caches\modules-2\files-2.1\io.netty\netty-handler\4.1.97.Final\abb86c6906bf512bf2b797a41cd7d2e8d3cd7c36\netty-handler-4.1.97.Final.jar
[Architectury Transformer DEBUG]  - C:\Users\koji\.gradle\caches\modules-2\files-2.1\io.netty\netty-resolver\4.1.97.Final\cec8348108dc76c47cf87c669d514be52c922144\netty-resolver-4.1.97.Final.jar
[Architectury Transformer DEBUG]  - C:\Users\koji\.gradle\caches\modules-2\files-2.1\io.netty\netty-transport-classes-epoll\4.1.97.Final\795da37ded759e862457a82d9d92c4d39ce8ecee\netty-transport-classes-epoll-4.1.97.Final.jar
[Architectury Transformer DEBUG]  - C:\Users\koji\.gradle\caches\modules-2\files-2.1\io.netty\netty-transport-native-unix-common\4.1.97.Final\d469d84265ab70095b01b40886cabdd433b6e664\netty-transport-native-unix-common-4.1.97.Final.jar
[Architectury Transformer DEBUG]  - C:\Users\koji\.gradle\caches\modules-2\files-2.1\io.netty\netty-transport\4.1.97.Final\f37380d23c9bb079bc702910833b2fd532c9abd0\netty-transport-4.1.97.Final.jar
[Architectury Transformer DEBUG]  - C:\Users\koji\.gradle\caches\modules-2\files-2.1\it.unimi.dsi\fastutil\8.5.12\c24946d46824bd528054bface3231d2ecb7e95e8\fastutil-8.5.12.jar
[Architectury Transformer DEBUG]  - C:\Users\koji\.gradle\caches\modules-2\files-2.1\net.java.dev.jna\jna-platform\5.14.0\28934d48aed814f11e4c584da55c49fa7032b31b\jna-platform-5.14.0.jar
[Architectury Transformer DEBUG]  - C:\Users\koji\.gradle\caches\modules-2\files-2.1\net.java.dev.jna\jna\5.14.0\67bf3eaea4f0718cb376a181a629e5f88fa1c9dd\jna-5.14.0.jar
[Architectury Transformer DEBUG]  - C:\Users\koji\.gradle\caches\modules-2\files-2.1\net.sf.jopt-simple\jopt-simple\5.0.4\4fdac2fbe92dfad86aa6e9301736f6b4342a3f5c\jopt-simple-5.0.4.jar
[Architectury Transformer DEBUG]  - C:\Users\koji\.gradle\caches\modules-2\files-2.1\org.apache.commons\commons-compress\1.26.0\659feffdd12280201c8aacb8f7be94f9a883c824\commons-compress-1.26.0.jar
[Architectury Transformer DEBUG]  - C:\Users\koji\.gradle\caches\modules-2\files-2.1\org.apache.commons\commons-lang3\3.14.0\1ed471194b02f2c6cb734a0cd6f6f107c673afae\commons-lang3-3.14.0.jar
[Architectury Transformer DEBUG]  - C:\Users\koji\.gradle\caches\modules-2\files-2.1\org.apache.httpcomponents\httpclient\4.5.13\e5f6cae5ca7ecaac1ec2827a9e2d65ae2869cada\httpclient-4.5.13.jar
[Architectury Transformer DEBUG]  - C:\Users\koji\.gradle\caches\modules-2\files-2.1\org.apache.httpcomponents\httpcore\4.4.16\51cf043c87253c9f58b539c9f7e44c8894223850\httpcore-4.4.16.jar
[Architectury Transformer DEBUG]  - C:\Users\koji\.gradle\caches\modules-2\files-2.1\org.apache.logging.log4j\log4j-api\2.22.1\bea6fede6328fabafd7e68363161a7ea6605abd1\log4j-api-2.22.1.jar
[Architectury Transformer DEBUG]  - C:\Users\koji\.gradle\caches\modules-2\files-2.1\org.apache.logging.log4j\log4j-core\2.22.1\7183a25510a02ad00cc6a95d3b3d2a7d3c5a8dc4\log4j-core-2.22.1.jar
[Architectury Transformer DEBUG]  - C:\Users\koji\.gradle\caches\modules-2\files-2.1\org.apache.logging.log4j\log4j-slf4j2-impl\2.22.1\d7e6693c2606cb7e7335047d7bb96dec52db5665\log4j-slf4j2-impl-2.22.1.jar
[Architectury Transformer DEBUG]  - C:\Users\koji\.gradle\caches\modules-2\files-2.1\org.jcraft\jorbis\0.0.17\8872d22b293e8f5d7d56ff92be966e6dc28ebdc6\jorbis-0.0.17.jar
[Architectury Transformer DEBUG]  - C:\Users\koji\.gradle\caches\modules-2\files-2.1\org.joml\joml\1.10.5\22566d58af70ad3d72308bab63b8339906deb649\joml-1.10.5.jar
[Architectury Transformer DEBUG]  - C:\Users\koji\.gradle\caches\modules-2\files-2.1\org.lwjgl\lwjgl-freetype\3.3.3\a0db6c84a8becc8ca05f9dbfa985edc348a824c7\lwjgl-freetype-3.3.3.jar
[Architectury Transformer DEBUG]  - C:\Users\koji\.gradle\caches\modules-2\files-2.1\org.lwjgl\lwjgl-glfw\3.3.3\efa1eb78c5ccd840e9f329717109b5e892d72f8e\lwjgl-glfw-3.3.3.jar
[Architectury Transformer DEBUG]  - C:\Users\koji\.gradle\caches\modules-2\files-2.1\org.lwjgl\lwjgl-jemalloc\3.3.3\b543467b7ff3c6920539a88ee602d34098628be5\lwjgl-jemalloc-3.3.3.jar
[Architectury Transformer DEBUG]  - C:\Users\koji\.gradle\caches\modules-2\files-2.1\org.lwjgl\lwjgl-openal\3.3.3\daada81ceb5fc0c291fbfdd4433cb8d9423577f2\lwjgl-openal-3.3.3.jar
[Architectury Transformer DEBUG]  - C:\Users\koji\.gradle\caches\modules-2\files-2.1\org.lwjgl\lwjgl-opengl\3.3.3\2f6b0147078396a58979125a4c947664e98293a\lwjgl-opengl-3.3.3.jar
[Architectury Transformer DEBUG]  - C:\Users\koji\.gradle\caches\modules-2\files-2.1\org.lwjgl\lwjgl-stb\3.3.3\25dd6161988d7e65f71d5065c99902402ee32746\lwjgl-stb-3.3.3.jar
[Architectury Transformer DEBUG]  - C:\Users\koji\.gradle\caches\modules-2\files-2.1\org.lwjgl\lwjgl-tinyfd\3.3.3\82d755ca94b102e9ca77283b9e2dc46d1b15fbe5\lwjgl-tinyfd-3.3.3.jar
[Architectury Transformer DEBUG]  - C:\Users\koji\.gradle\caches\modules-2\files-2.1\org.lwjgl\lwjgl\3.3.3\29589b5f87ed335a6c7e7ee6a5775f81f97ecb84\lwjgl-3.3.3.jar
[Architectury Transformer DEBUG]  - C:\Users\koji\.gradle\caches\modules-2\files-2.1\org.lz4\lz4-java\1.8.0\4b986a99445e49ea5fbf5d149c4b63f6ed6c6780\lz4-java-1.8.0.jar
[Architectury Transformer DEBUG]  - C:\Users\koji\.gradle\caches\modules-2\files-2.1\org.slf4j\slf4j-api\2.0.9\7cf2726fdcfbc8610f9a71fb3ed639871f315340\slf4j-api-2.0.9.jar
[Architectury Transformer DEBUG]  - C:\Users\koji\.gradle\caches\fabric-loom\minecraftMaven\net\minecraft\minecraft-merged\1.21.1-loom.mappings.1_21_1.layered+hash.729445375-v2\minecraft-merged-1.21.1-loom.mappings.1_21_1.layered+hash.729445375-v2.jar
[Architectury Transformer DEBUG]  - C:\Users\koji\.gradle\caches\modules-2\files-2.1\io.netty\netty-transport-native-epoll\4.1.97.Final\54188f271e388e7f313aea995e82f58ce2cdb809\netty-transport-native-epoll-4.1.97.Final-linux-x86_64.jar
[Architectury Transformer DEBUG]  - C:\Users\koji\.gradle\caches\modules-2\files-2.1\io.netty\netty-transport-native-epoll\4.1.97.Final\5514744c588190ffda076b35a9b8c9f24946a960\netty-transport-native-epoll-4.1.97.Final-linux-aarch_64.jar
[Architectury Transformer] Read classpath in 1.491 s
[Architectury Transformer DEBUG] Remapping Classes:
[Architectury Transformer DEBUG] net/fabricmc/api/EnvType -> net/neoforged/api/distmarker/Dist
[Architectury Transformer DEBUG] net/fabricmc/api/Environment -> net/neoforged/api/distmarker/OnlyIn
[Architectury Transformer DEBUG] Found class transformer
[Architectury Transformer DEBUG] Writing dev/koji/koko/Koko$KokoConfiguration with maxs=true frames=true
[Architectury Transformer DEBUG] Writing dev/koji/koko/Koko with maxs=true frames=true
[Architectury Transformer DEBUG] Writing dev/koji/koko/common/SkillsHandler with maxs=true frames=true
[Architectury Transformer DEBUG] Writing dev/koji/koko/common/SkillsHandler$SkillModifierApplier with maxs=true frames=true
[Architectury Transformer DEBUG] Writing dev/koji/koko/common/SkillsHandler$SkillSourceApplier with maxs=true frames=true
[Architectury Transformer DEBUG] Writing dev/koji/koko/common/network/payloads/StatsResponsePayload$Companion with maxs=true frames=true
[Architectury Transformer DEBUG] Writing dev/koji/koko/common/network/payloads/StatsRequestPayload$Companion$STREAM_CODEC$1 with maxs=true frames=true
[Architectury Transformer DEBUG] Writing dev/koji/koko/common/network/payloads/StatsResponsePayload with maxs=true frames=true
[Architectury Transformer DEBUG] Writing dev/koji/koko/common/network/payloads/IncomingXpPayload with maxs=true frames=true
[Architectury Transformer DEBUG] Writing dev/koji/koko/common/network/payloads/IncomingXpPayload$Companion with maxs=true frames=true
[Architectury Transformer DEBUG] Writing dev/koji/koko/common/network/payloads/StatsRequestPayload$Companion with maxs=true frames=true
[Architectury Transformer DEBUG] Writing dev/koji/koko/common/network/payloads/StatsRequestPayload with maxs=true frames=true
[Architectury Transformer DEBUG] Writing dev/koji/koko/common/network/payloads/IncomingXpPayload$Companion$STREAM_CODEC$1 with maxs=true frames=true
[Architectury Transformer DEBUG] Writing dev/koji/koko/common/network/payloads/StatsResponsePayload$Companion$STREAM_CODEC$1 with maxs=true frames=true
[Architectury Transformer DEBUG] Writing dev/koji/koko/common/models/SkillData with maxs=true frames=true
[Architectury Transformer DEBUG] Writing dev/koji/koko/common/models/SkillModel with maxs=true frames=true
[Architectury Transformer DEBUG] Writing dev/koji/koko/common/models/SkillModel$Companion with maxs=true frames=true
[Architectury Transformer DEBUG] Writing dev/koji/koko/common/models/SkillModel$Companion$CODEC$1$4 with maxs=true frames=true
[Architectury Transformer DEBUG] Writing dev/koji/koko/common/models/SkillModel$Companion$CODEC$1$8 with maxs=true frames=true
[Architectury Transformer DEBUG] Writing dev/koji/koko/common/models/SkillModel$Companion$CODEC$1$7 with maxs=true frames=true
[Architectury Transformer DEBUG] Writing dev/koji/koko/common/models/SkillModel$Companion$CODEC$1$6 with maxs=true frames=true
[Architectury Transformer DEBUG] Writing dev/koji/koko/common/models/SkillModel$Companion$CODEC$1$3 with maxs=true frames=true
[Architectury Transformer DEBUG] Writing dev/koji/koko/common/models/SkillModel$Companion$CODEC$1$5 with maxs=true frames=true
[Architectury Transformer DEBUG] Writing dev/koji/koko/common/models/SkillModel$Companion$CODEC$1$1 with maxs=true frames=true
[Architectury Transformer DEBUG] Writing dev/koji/koko/common/models/SkillModel$Companion$CODEC$1$2 with maxs=true frames=true
[Architectury Transformer DEBUG] Writing dev/koji/koko/common/models/SkillData$Companion with maxs=true frames=true
[Architectury Transformer DEBUG] Writing dev/koji/koko/common/models/SkillData$Companion$CODEC$1$1 with maxs=true frames=true
[Architectury Transformer DEBUG] Writing dev/koji/koko/common/models/SkillData$Companion$CODEC$1$2 with maxs=true frames=true
[Architectury Transformer DEBUG] Writing dev/koji/koko/common/models/SkillData$Companion$STREAM_CODEC$2 with maxs=true frames=true
[Architectury Transformer DEBUG] Writing dev/koji/koko/common/models/SkillData$Companion$STREAM_CODEC$1 with maxs=true frames=true
[Architectury Transformer DEBUG] Writing dev/koji/koko/common/models/sources/SkillSourceFilter with maxs=true frames=true
[Architectury Transformer DEBUG] Writing dev/koji/koko/common/models/sources/AbstractSkillSource with maxs=true frames=true
[Architectury Transformer DEBUG] Writing dev/koji/koko/common/models/sources/AbstractSkillSource$Companion with maxs=true frames=true
[Architectury Transformer DEBUG] Writing dev/koji/koko/common/models/sources/SkillSourceFilter$Companion with maxs=true frames=true
[Architectury Transformer DEBUG] Writing dev/koji/koko/common/models/sources/SkillSourceFilter$FilterType$Companion with maxs=true frames=true
[Architectury Transformer DEBUG] Writing dev/koji/koko/common/models/sources/SkillSourceFilter$FilterType with maxs=true frames=true
[Architectury Transformer DEBUG] Writing dev/koji/koko/common/models/sources/player/PlayerJumpSource$Companion with maxs=true frames=true
[Architectury Transformer DEBUG] Writing dev/koji/koko/common/models/sources/player/PlayerItemUseSource with maxs=true frames=true
[Architectury Transformer DEBUG] Writing dev/koji/koko/common/models/sources/player/PlayerDiedSource$Companion with maxs=true frames=true
[Architectury Transformer DEBUG] Writing dev/koji/koko/common/models/sources/player/PlayerCraftedSource with maxs=true frames=true
[Architectury Transformer DEBUG] Writing dev/koji/koko/common/models/sources/player/PlayerRunSource$Companion with maxs=true frames=true
[Architectury Transformer DEBUG] Writing dev/koji/koko/common/models/sources/player/PlayerJumpSource with maxs=true frames=true
[Architectury Transformer DEBUG] Writing dev/koji/koko/common/models/sources/player/PlayerDamagedSource$Companion with maxs=true frames=true
[Architectury Transformer DEBUG] Writing dev/koji/koko/common/models/sources/player/PlayerForgedSource with maxs=true frames=true
[Architectury Transformer DEBUG] Writing dev/koji/koko/common/models/sources/player/PlayerAttackedSource with maxs=true frames=true
[Architectury Transformer DEBUG] Writing dev/koji/koko/common/models/sources/player/PlayerForgedSource$Companion with maxs=true frames=true
[Architectury Transformer DEBUG] Writing dev/koji/koko/common/models/sources/player/PlayerStackDropSource$Companion with maxs=true frames=true
[Architectury Transformer DEBUG] Writing dev/koji/koko/common/models/sources/player/PlayerTradeSource with maxs=true frames=true
[Architectury Transformer DEBUG] Writing dev/koji/koko/common/models/sources/player/PlayerTradeSource$Companion with maxs=true frames=true
[Architectury Transformer DEBUG] Writing dev/koji/koko/common/models/sources/player/PlayerRunSource with maxs=true frames=true
[Architectury Transformer DEBUG] Writing dev/koji/koko/common/models/sources/player/PlayerItemUseSource$Companion with maxs=true frames=true
[Architectury Transformer DEBUG] Writing dev/koji/koko/common/models/sources/player/PlayerConsumedSource$Companion with maxs=true frames=true
[Architectury Transformer DEBUG] Writing dev/koji/koko/common/models/sources/player/PlayerConsumedSource with maxs=true frames=true
[Architectury Transformer DEBUG] Writing dev/koji/koko/common/models/sources/player/PlayerDiedSource with maxs=true frames=true
[Architectury Transformer DEBUG] Writing dev/koji/koko/common/models/sources/player/PlayerDamagedSource with maxs=true frames=true
[Architectury Transformer DEBUG] Writing dev/koji/koko/common/models/sources/player/PlayerCraftedSource$Companion with maxs=true frames=true
[Architectury Transformer DEBUG] Writing dev/koji/koko/common/models/sources/player/PlayerAttackedSource$Companion with maxs=true frames=true
[Architectury Transformer DEBUG] Writing dev/koji/koko/common/models/sources/player/PlayerStackDropSource with maxs=true frames=true
[Architectury Transformer DEBUG] Writing dev/koji/koko/common/models/sources/entity/EntityTameSource with maxs=true frames=true
[Architectury Transformer DEBUG] Writing dev/koji/koko/common/models/sources/entity/EntityKillSource with maxs=true frames=true
[Architectury Transformer DEBUG] Writing dev/koji/koko/common/models/sources/entity/EntityInteractSource$Companion with maxs=true frames=true
[Architectury Transformer DEBUG] Writing dev/koji/koko/common/models/sources/entity/EntityTameSource$Companion with maxs=true frames=true
[Architectury Transformer DEBUG] Writing dev/koji/koko/common/models/sources/entity/EntityKillSource$Companion with maxs=true frames=true
[Architectury Transformer DEBUG] Writing dev/koji/koko/common/models/sources/entity/EntityInteractSource with maxs=true frames=true
[Architectury Transformer DEBUG] Writing dev/koji/koko/common/models/sources/block/BlockBreakSource with maxs=true frames=true
[Architectury Transformer DEBUG] Writing dev/koji/koko/common/models/sources/block/BlockPlaceSource with maxs=true frames=true
[Architectury Transformer DEBUG] Writing dev/koji/koko/common/models/sources/block/BlockInteractSource$Companion with maxs=true frames=true
[Architectury Transformer DEBUG] Writing dev/koji/koko/common/models/sources/block/BlockInteractSource with maxs=true frames=true
[Architectury Transformer DEBUG] Writing dev/koji/koko/common/models/sources/block/BlockBreakSource$Companion with maxs=true frames=true
[Architectury Transformer DEBUG] Writing dev/koji/koko/common/models/sources/block/BlockPlaceSource$Companion with maxs=true frames=true
[Architectury Transformer DEBUG] Writing dev/koji/koko/common/models/modifiers/AbstractSkillModifier with maxs=true frames=true
[Architectury Transformer DEBUG] Writing dev/koji/koko/common/models/modifiers/AbstractSkillModifier$Companion with maxs=true frames=true
[Architectury Transformer DEBUG] Writing dev/koji/koko/common/models/modifiers/AbstractSkillModifierFilter$Companion with maxs=true frames=true
[Architectury Transformer DEBUG] Writing dev/koji/koko/common/models/modifiers/AbstractSkillModifierFilter with maxs=true frames=true
[Architectury Transformer DEBUG] Writing dev/koji/koko/common/models/modifiers/player/AttributeSkillModifier with maxs=true frames=true
[Architectury Transformer DEBUG] Writing dev/koji/koko/common/models/modifiers/player/ForgeSkillModifier with maxs=true frames=true
[Architectury Transformer DEBUG] Writing dev/koji/koko/common/models/modifiers/player/ArmorEquipSkillModifier with maxs=true frames=true
[Architectury Transformer DEBUG] Writing dev/koji/koko/common/models/modifiers/player/ItemUseSkillModifier$Companion$CODEC$1$1 with maxs=true frames=true
[Architectury Transformer DEBUG] Writing dev/koji/koko/common/models/modifiers/player/ItemUseSkillModifier with maxs=true frames=true
[Architectury Transformer DEBUG] Writing dev/koji/koko/common/models/modifiers/player/ItemUseSkillModifier$Companion$CODEC$1$2 with maxs=true frames=true
[Architectury Transformer DEBUG] Writing dev/koji/koko/common/models/modifiers/player/ItemAttackSkillModifier$Companion with maxs=true frames=true
[Architectury Transformer DEBUG] Writing dev/koji/koko/common/models/modifiers/player/ItemConsumeSkillModifier$Companion with maxs=true frames=true
[Architectury Transformer DEBUG] Writing dev/koji/koko/common/models/modifiers/player/CraftingSkillModifier with maxs=true frames=true
[Architectury Transformer DEBUG] Writing dev/koji/koko/common/models/modifiers/player/ItemConsumeSkillModifier with maxs=true frames=true
[Architectury Transformer DEBUG] Writing dev/koji/koko/common/models/modifiers/player/ItemAttackSkillModifier with maxs=true frames=true
[Architectury Transformer DEBUG] Writing dev/koji/koko/common/models/modifiers/player/ItemAttackSkillModifier$Companion$CODEC$1$2 with maxs=true frames=true
[Architectury Transformer DEBUG] Writing dev/koji/koko/common/models/modifiers/player/AttributeSkillModifier$Companion with maxs=true frames=true
[Architectury Transformer DEBUG] Writing dev/koji/koko/common/models/modifiers/player/ForgeSkillModifier$Companion with maxs=true frames=true
[Architectury Transformer DEBUG] Writing dev/koji/koko/common/models/modifiers/player/ItemAttackSkillModifier$Companion$CODEC$1$1 with maxs=true frames=true
[Architectury Transformer DEBUG] Writing dev/koji/koko/common/models/modifiers/player/ArmorEquipSkillModifier$Companion$CODEC$1$1 with maxs=true frames=true
[Architectury Transformer DEBUG] Writing dev/koji/koko/common/models/modifiers/player/ArmorEquipSkillModifier$Companion$CODEC$1$2 with maxs=true frames=true
[Architectury Transformer DEBUG] Writing dev/koji/koko/common/models/modifiers/player/ItemConsumeSkillModifier$Companion$CODEC$1$1 with maxs=true frames=true
[Architectury Transformer DEBUG] Writing dev/koji/koko/common/models/modifiers/player/ItemConsumeSkillModifier$Companion$CODEC$1$2 with maxs=true frames=true
[Architectury Transformer DEBUG] Writing dev/koji/koko/common/models/modifiers/player/CraftingSkillModifier$Companion with maxs=true frames=true
[Architectury Transformer DEBUG] Writing dev/koji/koko/common/models/modifiers/player/ForgeSkillModifier$Companion$CODEC$1$2 with maxs=true frames=true
[Architectury Transformer DEBUG] Writing dev/koji/koko/common/models/modifiers/player/AttributeSkillModifier$Companion$CODEC$1$1 with maxs=true frames=true
[Architectury Transformer DEBUG] Writing dev/koji/koko/common/models/modifiers/player/AttributeSkillModifier$Companion$CODEC$1$2 with maxs=true frames=true
[Architectury Transformer DEBUG] Writing dev/koji/koko/common/models/modifiers/player/ForgeSkillModifier$Companion$CODEC$1$1 with maxs=true frames=true
[Architectury Transformer DEBUG] Writing dev/koji/koko/common/models/modifiers/player/ArmorEquipSkillModifier$Companion with maxs=true frames=true
[Architectury Transformer DEBUG] Writing dev/koji/koko/common/models/modifiers/player/CraftingSkillModifier$Companion$CODEC$1$1 with maxs=true frames=true
[Architectury Transformer DEBUG] Writing dev/koji/koko/common/models/modifiers/player/CraftingSkillModifier$Companion$CODEC$1$2 with maxs=true frames=true
[Architectury Transformer DEBUG] Writing dev/koji/koko/common/models/modifiers/player/ItemUseSkillModifier$Companion with maxs=true frames=true
[Architectury Transformer DEBUG] Writing dev/koji/koko/common/models/modifiers/filters/RangeSkillModifierFilter with maxs=true frames=true
[Architectury Transformer DEBUG] Writing dev/koji/koko/common/models/modifiers/filters/RangeSkillModifierFilter$Companion with maxs=true frames=true
[Architectury Transformer DEBUG] Writing dev/koji/koko/common/models/modifiers/filters/RangeSkillModifierFilter$Companion$CODEC$1$4 with maxs=true frames=true
[Architectury Transformer DEBUG] Writing dev/koji/koko/common/models/modifiers/filters/RangeSkillModifierFilter$Companion$CODEC$1$3 with maxs=true frames=true
[Architectury Transformer DEBUG] Writing dev/koji/koko/common/models/modifiers/filters/RangeSkillModifierFilter$Companion$CODEC$1$2 with maxs=true frames=true
[Architectury Transformer DEBUG] Writing dev/koji/koko/common/models/modifiers/filters/RangeSkillModifierFilter$Companion$CODEC$1$1 with maxs=true frames=true
[Architectury Transformer DEBUG] Writing dev/koji/koko/common/models/modifiers/filters/AboveSkillModifierFilter$Companion with maxs=true frames=true
[Architectury Transformer DEBUG] Writing dev/koji/koko/common/models/modifiers/filters/BlockedSkillModifierFilter with maxs=true frames=true
[Architectury Transformer DEBUG] Writing dev/koji/koko/common/models/modifiers/filters/BellowSkillModifierFilter$Companion with maxs=true frames=true
[Architectury Transformer DEBUG] Writing dev/koji/koko/common/models/modifiers/filters/AboveSkillModifierFilter with maxs=true frames=true
[Architectury Transformer DEBUG] Writing dev/koji/koko/common/models/modifiers/filters/AboveSkillModifierFilter$Companion$STREAM_CODEC$3 with maxs=true frames=true
[Architectury Transformer DEBUG] Writing dev/koji/koko/common/models/modifiers/filters/AboveSkillModifierFilter$Companion$STREAM_CODEC$2 with maxs=true frames=true
[Architectury Transformer DEBUG] Writing dev/koji/koko/common/models/modifiers/filters/AboveSkillModifierFilter$Companion$STREAM_CODEC$1 with maxs=true frames=true
[Architectury Transformer DEBUG] Writing dev/koji/koko/common/models/modifiers/filters/BellowSkillModifierFilter$Companion$CODEC$1$2 with maxs=true frames=true
[Architectury Transformer DEBUG] Writing dev/koji/koko/common/models/modifiers/filters/BellowSkillModifierFilter$Companion$STREAM_CODEC$2 with maxs=true frames=true
[Architectury Transformer DEBUG] Writing dev/koji/koko/common/models/modifiers/filters/BellowSkillModifierFilter$Companion$CODEC$1$1 with maxs=true frames=true
[Architectury Transformer DEBUG] Writing dev/koji/koko/common/models/modifiers/filters/BellowSkillModifierFilter$Companion$CODEC$1$3 with maxs=true frames=true
[Architectury Transformer DEBUG] Writing dev/koji/koko/common/models/modifiers/filters/BellowSkillModifierFilter$Companion$STREAM_CODEC$3 with maxs=true frames=true
[Architectury Transformer DEBUG] Writing dev/koji/koko/common/models/modifiers/filters/AboveSkillModifierFilter$Companion$CODEC$1$1 with maxs=true frames=true
[Architectury Transformer DEBUG] Writing dev/koji/koko/common/models/modifiers/filters/BellowSkillModifierFilter with maxs=true frames=true
[Architectury Transformer DEBUG] Writing dev/koji/koko/common/models/modifiers/filters/BlockedSkillModifierFilter$Companion$CODEC$1$1 with maxs=true frames=true
[Architectury Transformer DEBUG] Writing dev/koji/koko/common/models/modifiers/filters/AboveSkillModifierFilter$Companion$CODEC$1$2 with maxs=true frames=true
[Architectury Transformer DEBUG] Writing dev/koji/koko/common/models/modifiers/filters/AboveSkillModifierFilter$Companion$CODEC$1$3 with maxs=true frames=true
[Architectury Transformer DEBUG] Writing dev/koji/koko/common/models/modifiers/filters/BellowSkillModifierFilter$Companion$STREAM_CODEC$1 with maxs=true frames=true
[Architectury Transformer DEBUG] Writing dev/koji/koko/common/models/modifiers/filters/BlockedSkillModifierFilter$Companion with maxs=true frames=true
[Architectury Transformer DEBUG] Writing dev/koji/koko/common/helpers/MainHelper with maxs=true frames=true
[Architectury Transformer DEBUG] Writing dev/koji/koko/common/events/PlayerEventHandler with maxs=true frames=true
[Architectury Transformer DEBUG] Writing dev/koji/koko/common/events/PlayerEventHandler$BlockedPlayerInstance with maxs=true frames=true
[Architectury Transformer DEBUG] Writing dev/koji/koko/common/events/EntityEventHandler with maxs=true frames=true
[Architectury Transformer DEBUG] Writing dev/koji/koko/common/events/BlockEventHandler$blockEvaluate$1 with maxs=true frames=true
[Architectury Transformer DEBUG] Writing dev/koji/koko/common/events/PlayerEventHandler$playerEvaluate$1 with maxs=true frames=true
[Architectury Transformer DEBUG] Writing dev/koji/koko/common/events/PlayerEventHandler$PlayerBlockScope with maxs=true frames=true
[Architectury Transformer DEBUG] Writing dev/koji/koko/common/events/PlayerEventHandler$BlockedItem with maxs=true frames=true
[Architectury Transformer DEBUG] Writing dev/koji/koko/common/events/EntityEventHandler$entityEvaluate$1 with maxs=true frames=true
[Architectury Transformer DEBUG] Writing dev/koji/koko/common/events/BlockEventHandler with maxs=true frames=true
[Architectury Transformer DEBUG] Writing dev/koji/koko/common/events/PlayerEventHandler$DefaultPlayerMessages with maxs=true frames=true
[Architectury Transformer DEBUG] Writing dev/koji/koko/common/content/Paths$DefaultSources with maxs=true frames=true
[Architectury Transformer DEBUG] Writing dev/koji/koko/common/content/Paths$DefaultModifiers with maxs=true frames=true
[Architectury Transformer DEBUG] Writing dev/koji/koko/common/content/Translatable with maxs=true frames=true
[Architectury Transformer DEBUG] Writing dev/koji/koko/common/content/Paths$DefaultFilters with maxs=true frames=true
[Architectury Transformer DEBUG] Writing dev/koji/koko/common/content/Paths with maxs=true frames=true
[Architectury Transformer DEBUG] Writing dev/koji/koko/common/attachments/PlayerSkills with maxs=true frames=true
[Architectury Transformer DEBUG] Writing dev/koji/koko/common/attachments/PlayerSkills$Companion with maxs=true frames=true
[Architectury Transformer DEBUG] Closed File Systems for C:\Users\koji\Desktop\ArcSteam\Koko\common\build\libs\koko-common-2.0.0-transformProductionNeoForge.jar
[Architectury Transformer] Transformed jar with 5 transformer(s) in 2.403 s
