[11:24:30] [main/WARN] (FabricLoader/Knot) Class path entries reference missing files: C:\Users\koji\Desktop\ArcSteam\Koko\fabric\build\classes\java\main - the game may not load properly!
[11:24:30] [main/INFO] (FabricLoader/GameProvider) Loading Minecraft 1.21.1 with Fabric Loader 0.18.4
[11:24:30] [main/DEBUG] (FabricLoader/GamePatch) Found game constructor: net.minecraft.client.main.Main -> net.minecraft.client.Minecraft
[11:24:30] [main/DEBUG] (FabricLoader/GamePatch) Patching game constructor <init>(Lnet/minecraft/client/main/GameConfig;)V
[11:24:30] [main/DEBUG] (FabricLoader/GamePatch) Run directory field is thought to be net/minecraft/client/Minecraft/gameDirectory
[11:24:30] [main/DEBUG] (FabricLoader/GamePatch) Applying brand name hook to net/minecraft/client/ClientBrandRetriever::getClientModName
[11:24:30] [main/DEBUG] (FabricLoader/GamePatch) Applying brand name hook to net/minecraft/server/MinecraftServer::getServerModName
[11:24:30] [main/DEBUG] (FabricLoader/GamePatch) Patched 3 classs
[11:24:30] [main/DEBUG] (FabricLoader/Discovery) Mod discovery time: 87,6 ms
[11:24:30] [main/DEBUG] (FabricLoader/Resolution) Mod resolution time: 69,2 ms
[11:24:30] [main/INFO] (FabricLoader) Loading 70 mods:
	- fabric-api 0.116.9+1.21.1
	- fabric-api-base 0.4.42+6573ed8c19
	- fabric-api-lookup-api-v1 1.6.72+7b3d111d19
	- fabric-biome-api-v1 13.0.31+d527f9fd19
	- fabric-block-api-v1 1.1.0+0bc3503219
	- fabric-block-view-api-v2 1.0.11+ebb2264e19
	- fabric-blockrenderlayer-v1 1.1.52+0af3f5a719
	- fabric-client-tags-api-v1 1.1.15+6573ed8c19
	- fabric-command-api-v1 1.2.49+f71b366f19
	- fabric-command-api-v2 2.2.28+6ced4dd919
	- fabric-commands-v0 0.2.66+df3654b319
	- fabric-content-registries-v0 8.0.19+b559734419
	- fabric-convention-tags-v1 2.1.6+7f945d5b19
	- fabric-convention-tags-v2 2.11.2+fa89716719
	- fabric-crash-report-info-v1 0.2.29+0af3f5a719
	- fabric-data-attachment-api-v1 1.4.6+5b36e0f719
	- fabric-data-generation-api-v1 20.2.35+37516cd619
	- fabric-dimensions-v1 4.0.1+65213ef819
	- fabric-entity-events-v1 1.8.0+2b27e0a419
	- fabric-events-interaction-v0 0.7.13+ba9dae0619
	- fabric-game-rule-api-v1 1.0.53+6ced4dd919
	- fabric-gametest-api-v1 2.0.5+6fc22b9919
	- fabric-item-api-v1 11.2.0+3b3cb2e819
	- fabric-item-group-api-v1 4.1.7+def88e3a19
	- fabric-key-binding-api-v1 1.0.47+0af3f5a719
	- fabric-keybindings-v0 0.2.45+df3654b319
	- fabric-language-kotlin 1.13.0+kotlin.2.1.0
	   |-- org_jetbrains_kotlin_kotlin-reflect 2.1.0
	   |-- org_jetbrains_kotlin_kotlin-stdlib 2.1.0
	   |-- org_jetbrains_kotlin_kotlin-stdlib-jdk7 2.1.0
	   |-- org_jetbrains_kotlin_kotlin-stdlib-jdk8 2.1.0
	   |-- org_jetbrains_kotlinx_atomicfu-jvm 0.26.1
	   |-- org_jetbrains_kotlinx_kotlinx-coroutines-core-jvm 1.9.0
	   |-- org_jetbrains_kotlinx_kotlinx-coroutines-jdk8 1.9.0
	   |-- org_jetbrains_kotlinx_kotlinx-datetime-jvm 0.6.1
	   |-- org_jetbrains_kotlinx_kotlinx-io-bytestring-jvm 0.6.0
	   |-- org_jetbrains_kotlinx_kotlinx-io-core-jvm 0.6.0
	   |-- org_jetbrains_kotlinx_kotlinx-serialization-cbor-jvm 1.7.3
	   |-- org_jetbrains_kotlinx_kotlinx-serialization-core-jvm 1.7.3
	   \-- org_jetbrains_kotlinx_kotlinx-serialization-json-jvm 1.7.3
	- fabric-lifecycle-events-v1 2.6.0+0865547519
	- fabric-loot-api-v2 3.0.15+3f89f5a519
	- fabric-loot-api-v3 1.0.3+3f89f5a519
	- fabric-message-api-v1 6.0.14+8aaf3aca19
	- fabric-model-loading-api-v1 2.1.0+b4d813fc19
	- fabric-networking-api-v1 4.3.0+c7469b2119
	- fabric-object-builder-api-v1 15.2.1+40875a9319
	- fabric-particles-v1 4.0.2+6573ed8c19
	- fabric-recipe-api-v1 5.0.15+2475392c19
	- fabric-registry-sync-v0 5.3.1+e3eddc2119
	- fabric-renderer-api-v1 3.4.1+b4d813fc19
	- fabric-renderer-indigo 1.7.1+c705a49c19
	- fabric-renderer-registries-v1 3.2.69+df3654b319
	- fabric-rendering-data-attachment-v1 0.3.49+73761d2e19
	- fabric-rendering-fluids-v1 3.1.6+1daea21519
	- fabric-rendering-v0 1.1.72+df3654b319
	- fabric-rendering-v1 5.1.0+ab4c25a019
	- fabric-resource-conditions-api-v1 4.3.0+8dc279b119
	- fabric-resource-loader-v0 1.3.1+5b5275af19
	- fabric-screen-api-v1 2.0.25+8b68f1c719
	- fabric-screen-handler-api-v1 1.3.90+b559734419
	- fabric-sound-api-v1 1.0.23+6573ed8c19
	- fabric-transfer-api-v1 5.4.4+7b3d111d19
	- fabric-transitive-access-wideners-v1 6.2.0+45b9699719
	- fabricloader 0.18.4
	- generated_7388d67 1.0.0
	- java 21
	- koko 1.0.0
	- minecraft 1.21.1
	- mixinextras 0.5.0
[11:24:30] [main/DEBUG] (FabricLoader/Knot) Adding C:\Users\koji\Desktop\ArcSteam\Koko\fabric\run\.fabric\processedMods\org_jetbrains_kotlinx_kotlinx-sen-jvm-1.7.3-8a3c327f51928455.jar to classpath.
[11:24:30] [main/DEBUG] (FabricLoader/Knot) Adding C:\Users\koji\Desktop\ArcSteam\Koko\.gradle\loom-cache\remapped_mods\remapped\net\fabricmc\fabric-api\fabric-block-view-api-v2-8d3bd8fa\1.0.11+ebb2264e19\fabric-block-view-api-v2-8d3bd8fa-1.0.11+ebb2264e19.jar to classpath.
[11:24:30] [main/DEBUG] (FabricLoader/Knot) Adding C:\Users\koji\Desktop\ArcSteam\Koko\.gradle\loom-cache\remapped_mods\remapped\net\fabricmc\fabric-api\fabric-convention-tags-v2-8d3bd8fa\2.11.2+fa89716719\fabric-convention-tags-v2-8d3bd8fa-2.11.2+fa89716719.jar to classpath.
[11:24:30] [main/DEBUG] (FabricLoader/Knot) Adding C:\Users\koji\Desktop\ArcSteam\Koko\.gradle\loom-cache\remapped_mods\remapped\net\fabricmc\fabric-api\fabric-renderer-registries-v1-8d3bd8fa\3.2.69+df3654b319\fabric-renderer-registries-v1-8d3bd8fa-3.2.69+df3654b319.jar to classpath.
[11:24:30] [main/DEBUG] (FabricLoader/Knot) Adding C:\Users\koji\Desktop\ArcSteam\Koko\.gradle\loom-cache\remapped_mods\remapped\net\fabricmc\fabric-api\fabric-blockrenderlayer-v1-8d3bd8fa\1.1.52+0af3f5a719\fabric-blockrenderlayer-v1-8d3bd8fa-1.1.52+0af3f5a719.jar to classpath.
[11:24:30] [main/DEBUG] (FabricLoader/Knot) Adding C:\Users\koji\Desktop\ArcSteam\Koko\.gradle\loom-cache\remapped_mods\remapped\net\fabricmc\fabric-api\fabric-entity-events-v1-8d3bd8fa\1.8.0+2b27e0a419\fabric-entity-events-v1-8d3bd8fa-1.8.0+2b27e0a419.jar to classpath.
[11:24:30] [main/DEBUG] (FabricLoader/Knot) Adding C:\Users\koji\Desktop\ArcSteam\Koko\.gradle\loom-cache\remapped_mods\remapped\net\fabricmc\fabric-api\fabric-item-group-api-v1-8d3bd8fa\4.1.7+def88e3a19\fabric-item-group-api-v1-8d3bd8fa-4.1.7+def88e3a19.jar to classpath.
[11:24:30] [main/DEBUG] (FabricLoader/Knot) Adding C:\Users\koji\Desktop\ArcSteam\Koko\.gradle\loom-cache\remapped_mods\remapped\net\fabricmc\fabric-api\fabric-networking-api-v1-8d3bd8fa\4.3.0+c7469b2119\fabric-networking-api-v1-8d3bd8fa-4.3.0+c7469b2119.jar to classpath.
[11:24:30] [main/DEBUG] (FabricLoader/Knot) Adding C:\Users\koji\Desktop\ArcSteam\Koko\.gradle\loom-cache\remapped_mods\remapped\net\fabricmc\fabric-api\fabric-item-api-v1-8d3bd8fa\11.2.0+3b3cb2e819\fabric-item-api-v1-8d3bd8fa-11.2.0+3b3cb2e819.jar to classpath.
[11:24:30] [main/DEBUG] (FabricLoader/Knot) Adding C:\Users\koji\Desktop\ArcSteam\Koko\.gradle\loom-cache\remapped_mods\remapped\net\fabricmc\fabric-api\fabric-events-interaction-v0-8d3bd8fa\0.7.13+ba9dae0619\fabric-events-interaction-v0-8d3bd8fa-0.7.13+ba9dae0619.jar to classpath.
[11:24:30] [main/DEBUG] (FabricLoader/Knot) Adding C:\Users\koji\Desktop\ArcSteam\Koko\.gradle\loom-cache\remapped_mods\remapped\net\fabricmc\fabric-api\fabric-data-generation-api-v1-8d3bd8fa\20.2.35+37516cd619\fabric-data-generation-api-v1-8d3bd8fa-20.2.35+37516cd619.jar to classpath.
[11:24:30] [main/DEBUG] (FabricLoader/Knot) Adding C:\Users\koji\Desktop\ArcSteam\Koko\.gradle\loom-cache\remapped_mods\remapped\net\fabricmc\fabric-api\fabric-gametest-api-v1-8d3bd8fa\2.0.5+6fc22b9919\fabric-gametest-api-v1-8d3bd8fa-2.0.5+6fc22b9919.jar to classpath.
[11:24:30] [main/DEBUG] (FabricLoader/Knot) Adding C:\Users\koji\Desktop\ArcSteam\Koko\.gradle\loom-cache\remapped_mods\remapped\net\fabricmc\fabric-api\fabric-data-attachment-api-v1-8d3bd8fa\1.4.6+5b36e0f719\fabric-data-attachment-api-v1-8d3bd8fa-1.4.6+5b36e0f719.jar to classpath.
[11:24:30] [main/DEBUG] (FabricLoader/Knot) Adding C:\Users\koji\Desktop\ArcSteam\Koko\.gradle\loom-cache\remapped_mods\remapped\net\fabricmc\fabric-api\fabric-commands-v0-8d3bd8fa\0.2.66+df3654b319\fabric-commands-v0-8d3bd8fa-0.2.66+df3654b319.jar to classpath.
[11:24:30] [main/DEBUG] (FabricLoader/Knot) Adding C:\Users\koji\Desktop\ArcSteam\Koko\.gradle\loom-cache\remapped_mods\remapped\net\fabricmc\fabric-api\fabric-crash-report-info-v1-8d3bd8fa\0.2.29+0af3f5a719\fabric-crash-report-info-v1-8d3bd8fa-0.2.29+0af3f5a719.jar to classpath.
[11:24:30] [main/DEBUG] (FabricLoader/Knot) Adding C:\Users\koji\Desktop\ArcSteam\Koko\.gradle\loom-cache\remapped_mods\remapped\net\fabricmc\fabric-api\fabric-rendering-v0-8d3bd8fa\1.1.72+df3654b319\fabric-rendering-v0-8d3bd8fa-1.1.72+df3654b319.jar to classpath.
[11:24:30] [main/DEBUG] (FabricLoader/Knot) Adding C:\Users\koji\Desktop\ArcSteam\Koko\.gradle\loom-cache\remapped_mods\remapped\net\fabricmc\fabric-api\fabric-resource-loader-v0-8d3bd8fa\1.3.1+5b5275af19\fabric-resource-loader-v0-8d3bd8fa-1.3.1+5b5275af19.jar to classpath.
[11:24:30] [main/DEBUG] (FabricLoader/Knot) Adding C:\Users\koji\Desktop\ArcSteam\Koko\.gradle\loom-cache\remapped_mods\remapped\net\fabricmc\fabric-api\fabric-command-api-v2-8d3bd8fa\2.2.28+6ced4dd919\fabric-command-api-v2-8d3bd8fa-2.2.28+6ced4dd919.jar to classpath.
[11:24:30] [main/DEBUG] (FabricLoader/Knot) Adding C:\Users\koji\Desktop\ArcSteam\Koko\.gradle\loom-cache\remapped_mods\remapped\net\fabricmc\fabric-api\fabric-particles-v1-8d3bd8fa\4.0.2+6573ed8c19\fabric-particles-v1-8d3bd8fa-4.0.2+6573ed8c19.jar to classpath.
[11:24:30] [main/DEBUG] (FabricLoader/Knot) Adding C:\Users\koji\Desktop\ArcSteam\Koko\.gradle\loom-cache\remapped_mods\remapped\net\fabricmc\fabric-api\fabric-transitive-access-wideners-v1-8d3bd8fa\6.2.0+45b9699719\fabric-transitive-access-wideners-v1-8d3bd8fa-6.2.0+45b9699719.jar to classpath.
[11:24:30] [main/DEBUG] (FabricLoader/Knot) Adding C:\Users\koji\Desktop\ArcSteam\Koko\.gradle\loom-cache\remapped_mods\remapped\net\fabricmc\fabric-api\fabric-rendering-v1-8d3bd8fa\5.1.0+ab4c25a019\fabric-rendering-v1-8d3bd8fa-5.1.0+ab4c25a019.jar to classpath.
[11:24:30] [main/DEBUG] (FabricLoader/Knot) Adding C:\Users\koji\Desktop\ArcSteam\Koko\.gradle\loom-cache\remapped_mods\remapped\net\fabricmc\fabric-api\fabric-sound-api-v1-8d3bd8fa\1.0.23+6573ed8c19\fabric-sound-api-v1-8d3bd8fa-1.0.23+6573ed8c19.jar to classpath.
[11:24:30] [main/DEBUG] (FabricLoader/Knot) Adding C:\Users\koji\Desktop\ArcSteam\Koko\.gradle\loom-cache\remapped_mods\remapped\net\fabricmc\fabric-api\fabric-rendering-data-attachment-v1-8d3bd8fa\0.3.49+73761d2e19\fabric-rendering-data-attachment-v1-8d3bd8fa-0.3.49+73761d2e19.jar to classpath.
[11:24:30] [main/DEBUG] (FabricLoader/Knot) Adding C:\Users\koji\Desktop\ArcSteam\Koko\.gradle\loom-cache\remapped_mods\remapped\net\fabricmc\fabric-api\fabric-lifecycle-events-v1-8d3bd8fa\2.6.0+0865547519\fabric-lifecycle-events-v1-8d3bd8fa-2.6.0+0865547519.jar to classpath.
[11:24:30] [main/DEBUG] (FabricLoader/Knot) Adding C:\Users\koji\Desktop\ArcSteam\Koko\fabric\run\.fabric\processedMods\org_jetbrains_kotlinx_kotlinx-ser-jvm-1.7.3-d1a5f228d99ef790.jar to classpath.
[11:24:30] [main/DEBUG] (FabricLoader/Knot) Adding C:\Users\koji\Desktop\ArcSteam\Koko\.gradle\loom-cache\remapped_mods\remapped\net\fabricmc\fabric-api\fabric-key-binding-api-v1-8d3bd8fa\1.0.47+0af3f5a719\fabric-key-binding-api-v1-8d3bd8fa-1.0.47+0af3f5a719.jar to classpath.
[11:24:30] [main/DEBUG] (FabricLoader/Knot) Adding C:\Users\koji\Desktop\ArcSteam\Koko\.gradle\loom-cache\remapped_mods\remapped\net\fabricmc\fabric-api\fabric-game-rule-api-v1-8d3bd8fa\1.0.53+6ced4dd919\fabric-game-rule-api-v1-8d3bd8fa-1.0.53+6ced4dd919.jar to classpath.
[11:24:30] [main/DEBUG] (FabricLoader/Knot) Adding C:\Users\koji\Desktop\ArcSteam\Koko\.gradle\loom-cache\remapped_mods\remapped\net\fabricmc\fabric-api\fabric-block-api-v1-8d3bd8fa\1.1.0+0bc3503219\fabric-block-api-v1-8d3bd8fa-1.1.0+0bc3503219.jar to classpath.
[11:24:30] [main/DEBUG] (FabricLoader/Knot) Adding C:\Users\koji\Desktop\ArcSteam\Koko\.gradle\loom-cache\remapped_mods\remapped\net\fabricmc\fabric-api\fabric-resource-conditions-api-v1-8d3bd8fa\4.3.0+8dc279b119\fabric-resource-conditions-api-v1-8d3bd8fa-4.3.0+8dc279b119.jar to classpath.
[11:24:30] [main/DEBUG] (FabricLoader/Knot) Adding C:\Users\koji\Desktop\ArcSteam\Koko\.gradle\loom-cache\remapped_mods\remapped\net\fabricmc\fabric-api\fabric-model-loading-api-v1-8d3bd8fa\2.1.0+b4d813fc19\fabric-model-loading-api-v1-8d3bd8fa-2.1.0+b4d813fc19.jar to classpath.
[11:24:30] [main/DEBUG] (FabricLoader/Knot) Adding C:\Users\koji\Desktop\ArcSteam\Koko\fabric\run\.fabric\processedMods\org_jetbrains_kotlinx_kotlinx-dae-jvm-0.6.1-71e48e9ac8db49e7.jar to classpath.
[11:24:30] [main/DEBUG] (FabricLoader/Knot) Adding C:\Users\koji\Desktop\ArcSteam\Koko\.gradle\loom-cache\remapped_mods\remapped\net\fabricmc\fabric-api\fabric-loot-api-v2-8d3bd8fa\3.0.15+3f89f5a519\fabric-loot-api-v2-8d3bd8fa-3.0.15+3f89f5a519.jar to classpath.
[11:24:30] [main/DEBUG] (FabricLoader/Knot) Adding C:\Users\koji\Desktop\ArcSteam\Koko\fabric\run\.fabric\processedMods\org_jetbrains_kotlin_kotlin-stdlib-2.1.0-4bc6dcd88c5d18b9.jar to classpath.
[11:24:30] [main/DEBUG] (FabricLoader/Knot) Adding C:\Users\koji\.gradle\caches\modules-2\files-2.1\io.github.llamalad7\mixinextras-fabric\0.5.0\91a83dfb7abd320f6236bd1fcf5c0ff143d59a13\mixinextras-fabric-0.5.0.jar to classpath.
[11:24:30] [main/DEBUG] (FabricLoader/Knot) Adding C:\Users\koji\Desktop\ArcSteam\Koko\.gradle\loom-cache\remapped_mods\remapped\net\fabricmc\fabric-api\fabric-content-registries-v0-8d3bd8fa\8.0.19+b559734419\fabric-content-registries-v0-8d3bd8fa-8.0.19+b559734419.jar to classpath.
[11:24:30] [main/DEBUG] (FabricLoader/Knot) Adding C:\Users\koji\Desktop\ArcSteam\Koko\.gradle\loom-cache\remapped_mods\remapped\net\fabricmc\fabric-api\fabric-recipe-api-v1-8d3bd8fa\5.0.15+2475392c19\fabric-recipe-api-v1-8d3bd8fa-5.0.15+2475392c19.jar to classpath.
[11:24:30] [main/DEBUG] (FabricLoader/Knot) Adding C:\Users\koji\Desktop\ArcSteam\Koko\.gradle\loom-cache\remapped_mods\remapped\net\fabricmc\fabric-api\fabric-renderer-api-v1-8d3bd8fa\3.4.1+b4d813fc19\fabric-renderer-api-v1-8d3bd8fa-3.4.1+b4d813fc19.jar to classpath.
[11:24:30] [main/DEBUG] (FabricLoader/Knot) Adding C:\Users\koji\Desktop\ArcSteam\Koko\.gradle\loom-cache\remapped_mods\remapped\net\fabricmc\fabric-api\fabric-transfer-api-v1-8d3bd8fa\5.4.4+7b3d111d19\fabric-transfer-api-v1-8d3bd8fa-5.4.4+7b3d111d19.jar to classpath.
[11:24:30] [main/DEBUG] (FabricLoader/Knot) Adding C:\Users\koji\.gradle\caches\modules-2\files-2.1\net.fabricmc\fabric-language-kotlin\1.13.0+kotlin.2.1.0\e3d4ebcc5aef85967ba622f9631e0897cbcd4e2c\fabric-language-kotlin-1.13.0+kotlin.2.1.0.jar to classpath.
[11:24:30] [main/DEBUG] (FabricLoader/Knot) Adding C:\Users\koji\Desktop\ArcSteam\Koko\fabric\run\.fabric\processedMods\org_jetbrains_kotlin_kotlin-stdl-jdk7-2.1.0-33cd644834efc574.jar to classpath.
[11:24:30] [main/DEBUG] (FabricLoader/Knot) Adding C:\Users\koji\Desktop\ArcSteam\Koko\.gradle\loom-cache\remapped_mods\remapped\net\fabricmc\fabric-api\fabric-keybindings-v0-8d3bd8fa\0.2.45+df3654b319\fabric-keybindings-v0-8d3bd8fa-0.2.45+df3654b319.jar to classpath.
[11:24:30] [main/DEBUG] (FabricLoader/Knot) Adding C:\Users\koji\Desktop\ArcSteam\Koko\fabric\run\.fabric\processedMods\org_jetbrains_kotlinx_kotlinx-co-jdk8-1.9.0-e6511af4123faf36.jar to classpath.
[11:24:30] [main/DEBUG] (FabricLoader/Knot) Adding C:\Users\koji\Desktop\ArcSteam\Koko\.gradle\loom-cache\remapped_mods\remapped\net\fabricmc\fabric-api\fabric-object-builder-api-v1-8d3bd8fa\15.2.1+40875a9319\fabric-object-builder-api-v1-8d3bd8fa-15.2.1+40875a9319.jar to classpath.
[11:24:30] [main/DEBUG] (FabricLoader/Knot) Adding C:\Users\koji\Desktop\ArcSteam\Koko\fabric\run\.fabric\processedMods\org_jetbrains_kotlin_kotlin-stdl-jdk8-2.1.0-c4203d003239a9db.jar to classpath.
[11:24:30] [main/DEBUG] (FabricLoader/Knot) Adding C:\Users\koji\Desktop\ArcSteam\Koko\.gradle\loom-cache\remapped_mods\remapped\net\fabricmc\fabric-api\fabric-rendering-fluids-v1-8d3bd8fa\3.1.6+1daea21519\fabric-rendering-fluids-v1-8d3bd8fa-3.1.6+1daea21519.jar to classpath.
[11:24:30] [main/DEBUG] (FabricLoader/Knot) Adding C:\Users\koji\AppData\Local\Temp\2195026494719040070.jar to classpath.
[11:24:30] [main/DEBUG] (FabricLoader/Knot) Adding C:\Users\koji\Desktop\ArcSteam\Koko\.gradle\loom-cache\remapped_mods\remapped\net\fabricmc\fabric-api\fabric-dimensions-v1-8d3bd8fa\4.0.1+65213ef819\fabric-dimensions-v1-8d3bd8fa-4.0.1+65213ef819.jar to classpath.
[11:24:30] [main/DEBUG] (FabricLoader/Knot) Adding C:\Users\koji\Desktop\ArcSteam\Koko\.gradle\loom-cache\remapped_mods\remapped\net\fabricmc\fabric-api\fabric-message-api-v1-8d3bd8fa\6.0.14+8aaf3aca19\fabric-message-api-v1-8d3bd8fa-6.0.14+8aaf3aca19.jar to classpath.
[11:24:30] [main/DEBUG] (FabricLoader/Knot) Adding C:\Users\koji\Desktop\ArcSteam\Koko\.gradle\loom-cache\remapped_mods\remapped\net\fabricmc\fabric-api\fabric-client-tags-api-v1-8d3bd8fa\1.1.15+6573ed8c19\fabric-client-tags-api-v1-8d3bd8fa-1.1.15+6573ed8c19.jar to classpath.
[11:24:30] [main/DEBUG] (FabricLoader/Knot) Adding C:\Users\koji\Desktop\ArcSteam\Koko\fabric\run\.fabric\processedMods\org_jetbrains_kotlinx_kotlinx-coe-jvm-1.9.0-91a402bc2478d6a4.jar to classpath.
[11:24:30] [main/DEBUG] (FabricLoader/Knot) Adding C:\Users\koji\Desktop\ArcSteam\Koko\fabric\build\resources\main to classpath.
[11:24:30] [main/DEBUG] (FabricLoader/Knot) Adding C:\Users\koji\Desktop\ArcSteam\Koko\fabric\run\.fabric\processedMods\org_jetbrains_kotlinx_atomicfu-jvm-0.26.1-ca3bdb84b4b53f9c.jar to classpath.
[11:24:30] [main/DEBUG] (FabricLoader/Knot) Adding C:\Users\koji\Desktop\ArcSteam\Koko\.gradle\loom-cache\remapped_mods\remapped\net\fabricmc\fabric-api\fabric-registry-sync-v0-8d3bd8fa\5.3.1+e3eddc2119\fabric-registry-sync-v0-8d3bd8fa-5.3.1+e3eddc2119.jar to classpath.
[11:24:30] [main/DEBUG] (FabricLoader/Knot) Adding C:\Users\koji\Desktop\ArcSteam\Koko\.gradle\loom-cache\remapped_mods\remapped\net\fabricmc\fabric-api\fabric-api-base-8d3bd8fa\0.4.42+6573ed8c19\fabric-api-base-8d3bd8fa-0.4.42+6573ed8c19.jar to classpath.
[11:24:30] [main/DEBUG] (FabricLoader/Knot) Adding C:\Users\koji\Desktop\ArcSteam\Koko\fabric\run\.fabric\processedMods\org_jetbrains_kotlinx_kotlinx-see-jvm-1.7.3-4423b6342820c733.jar to classpath.
[11:24:30] [main/DEBUG] (FabricLoader/Knot) Adding C:\Users\koji\Desktop\ArcSteam\Koko\.gradle\loom-cache\remapped_mods\remapped\net\fabricmc\fabric-api\fabric-loot-api-v3-8d3bd8fa\1.0.3+3f89f5a519\fabric-loot-api-v3-8d3bd8fa-1.0.3+3f89f5a519.jar to classpath.
[11:24:30] [main/DEBUG] (FabricLoader/Knot) Adding C:\Users\koji\Desktop\ArcSteam\Koko\fabric\run\.fabric\processedMods\org_jetbrains_kotlinx_kotlinx-ioe-jvm-0.6.0-2a18fef8ae847678.jar to classpath.
[11:24:30] [main/DEBUG] (FabricLoader/Knot) Adding C:\Users\koji\Desktop\ArcSteam\Koko\fabric\run\.fabric\processedMods\org_jetbrains_kotlinx_kotlinx-iog-jvm-0.6.0-badbe2c709c2e0e5.jar to classpath.
[11:24:30] [main/DEBUG] (FabricLoader/Knot) Adding C:\Users\koji\Desktop\ArcSteam\Koko\.gradle\loom-cache\remapped_mods\remapped\net\fabricmc\fabric-api\fabric-renderer-indigo-8d3bd8fa\1.7.1+c705a49c19\fabric-renderer-indigo-8d3bd8fa-1.7.1+c705a49c19.jar to classpath.
[11:24:30] [main/DEBUG] (FabricLoader/Knot) Adding C:\Users\koji\Desktop\ArcSteam\Koko\.gradle\loom-cache\remapped_mods\remapped\net\fabricmc\fabric-api\fabric-biome-api-v1-8d3bd8fa\13.0.31+d527f9fd19\fabric-biome-api-v1-8d3bd8fa-13.0.31+d527f9fd19.jar to classpath.
[11:24:30] [main/DEBUG] (FabricLoader/Knot) Adding C:\Users\koji\Desktop\ArcSteam\Koko\.gradle\loom-cache\remapped_mods\remapped\net\fabricmc\fabric-api\fabric-command-api-v1-8d3bd8fa\1.2.49+f71b366f19\fabric-command-api-v1-8d3bd8fa-1.2.49+f71b366f19.jar to classpath.
[11:24:30] [main/DEBUG] (FabricLoader/Knot) Adding C:\Users\koji\Desktop\ArcSteam\Koko\.gradle\loom-cache\remapped_mods\remapped\net\fabricmc\fabric-api\fabric-api-lookup-api-v1-8d3bd8fa\1.6.72+7b3d111d19\fabric-api-lookup-api-v1-8d3bd8fa-1.6.72+7b3d111d19.jar to classpath.
[11:24:30] [main/DEBUG] (FabricLoader/Knot) Adding C:\Users\koji\Desktop\ArcSteam\Koko\.gradle\loom-cache\remapped_mods\remapped\net\fabricmc\fabric-api\fabric-screen-api-v1-8d3bd8fa\2.0.25+8b68f1c719\fabric-screen-api-v1-8d3bd8fa-2.0.25+8b68f1c719.jar to classpath.
[11:24:30] [main/DEBUG] (FabricLoader/Knot) Adding C:\Users\koji\Desktop\ArcSteam\Koko\.gradle\loom-cache\remapped_mods\remapped\net\fabricmc\fabric-api\fabric-api-8d3bd8fa\0.116.9+1.21.1\fabric-api-8d3bd8fa-0.116.9+1.21.1.jar to classpath.
[11:24:30] [main/DEBUG] (FabricLoader/Knot) Adding C:\Users\koji\Desktop\ArcSteam\Koko\.gradle\loom-cache\remapped_mods\remapped\net\fabricmc\fabric-api\fabric-screen-handler-api-v1-8d3bd8fa\1.3.90+b559734419\fabric-screen-handler-api-v1-8d3bd8fa-1.3.90+b559734419.jar to classpath.
[11:24:30] [main/DEBUG] (FabricLoader/Knot) Adding C:\Users\koji\Desktop\ArcSteam\Koko\fabric\run\.fabric\processedMods\org_jetbrains_kotlin_kotlin-reflect-2.1.0-c7495229ae3e0cfc.jar to classpath.
[11:24:30] [main/DEBUG] (FabricLoader/Knot) Adding C:\Users\koji\Desktop\ArcSteam\Koko\.gradle\loom-cache\remapped_mods\remapped\net\fabricmc\fabric-api\fabric-convention-tags-v1-8d3bd8fa\2.1.6+7f945d5b19\fabric-convention-tags-v1-8d3bd8fa-2.1.6+7f945d5b19.jar to classpath.
[11:24:30] [main/DEBUG] (FabricLoader/Entrypoint) Registering new-style initializer net.fabricmc.fabric.impl.tag.convention.v2.TranslationConventionLogWarnings for mod fabric-convention-tags-v2 (key main)
[11:24:30] [main/DEBUG] (FabricLoader/Entrypoint) Registering new-style initializer net.fabricmc.fabric.impl.networking.client.ClientNetworkingImpl::clientInit for mod fabric-networking-api-v1 (key client)
[11:24:30] [main/DEBUG] (FabricLoader/Entrypoint) Registering new-style initializer net.fabricmc.fabric.impl.networking.CommonPacketsImpl::init for mod fabric-networking-api-v1 (key main)
[11:24:30] [main/DEBUG] (FabricLoader/Entrypoint) Registering new-style initializer net.fabricmc.fabric.impl.networking.NetworkingImpl::init for mod fabric-networking-api-v1 (key main)
[11:24:30] [main/DEBUG] (FabricLoader/Entrypoint) Registering new-style initializer net.fabricmc.fabric.impl.event.interaction.client.InteractionEventsRouterClient for mod fabric-events-interaction-v0 (key client)
[11:24:30] [main/DEBUG] (FabricLoader/Entrypoint) Registering new-style initializer net.fabricmc.fabric.impl.event.interaction.InteractionEventsRouter for mod fabric-events-interaction-v0 (key main)
[11:24:30] [main/DEBUG] (FabricLoader/Entrypoint) Registering new-style initializer net.fabricmc.fabric.impl.gametest.FabricGameTestModInitializer for mod fabric-gametest-api-v1 (key main)
[11:24:30] [main/DEBUG] (FabricLoader/Entrypoint) Registering new-style initializer net.fabricmc.fabric.impl.attachment.client.AttachmentSyncClient for mod fabric-data-attachment-api-v1 (key client)
[11:24:30] [main/DEBUG] (FabricLoader/Entrypoint) Registering new-style initializer net.fabricmc.fabric.impl.attachment.AttachmentEntrypoint for mod fabric-data-attachment-api-v1 (key main)
[11:24:30] [main/DEBUG] (FabricLoader/Entrypoint) Registering new-style initializer net.fabricmc.fabric.impl.attachment.sync.AttachmentSync for mod fabric-data-attachment-api-v1 (key main)
[11:24:30] [main/DEBUG] (FabricLoader/Entrypoint) Registering new-style initializer net.fabricmc.fabric.impl.client.rendering.v0.RenderingCallbackInvoker for mod fabric-rendering-v0 (key client)
[11:24:30] [main/DEBUG] (FabricLoader/Entrypoint) Registering new-style initializer net.fabricmc.fabric.impl.client.event.lifecycle.ClientLifecycleEventsImpl for mod fabric-lifecycle-events-v1 (key client)
[11:24:30] [main/DEBUG] (FabricLoader/Entrypoint) Registering new-style initializer net.fabricmc.fabric.impl.event.lifecycle.LifecycleEventsImpl for mod fabric-lifecycle-events-v1 (key main)
[11:24:30] [main/DEBUG] (FabricLoader/Entrypoint) Registering new-style initializer net.fabricmc.fabric.impl.resource.conditions.ResourceConditionsImpl for mod fabric-resource-conditions-api-v1 (key main)
[11:24:30] [main/DEBUG] (FabricLoader/Entrypoint) Registering new-style initializer net.fabricmc.fabric.impl.loot.v2.LootInitializer for mod fabric-loot-api-v2 (key main)
[11:24:30] [main/DEBUG] (FabricLoader/Entrypoint) Registering new-style initializer net.fabricmc.fabric.impl.recipe.ingredient.client.CustomIngredientSyncClient for mod fabric-recipe-api-v1 (key client)
[11:24:30] [main/DEBUG] (FabricLoader/Entrypoint) Registering new-style initializer net.fabricmc.fabric.impl.recipe.ingredient.CustomIngredientInit for mod fabric-recipe-api-v1 (key main)
[11:24:30] [main/DEBUG] (FabricLoader/Entrypoint) Registering new-style initializer net.fabricmc.fabric.impl.recipe.ingredient.CustomIngredientSync for mod fabric-recipe-api-v1 (key main)
[11:24:30] [main/DEBUG] (FabricLoader/Entrypoint) Registering new-style initializer dev.koji.fabric.client.FabricKokoClient for mod koko (key client)
[11:24:30] [main/DEBUG] (FabricLoader/Entrypoint) Registering new-style initializer dev.koji.fabric.FabricKoko for mod koko (key main)
[11:24:30] [main/DEBUG] (FabricLoader/Entrypoint) Registering new-style initializer net.fabricmc.fabric.impl.client.registry.sync.FabricRegistryClientInit for mod fabric-registry-sync-v0 (key client)
[11:24:30] [main/DEBUG] (FabricLoader/Entrypoint) Registering new-style initializer net.fabricmc.fabric.impl.registry.sync.FabricRegistryInit for mod fabric-registry-sync-v0 (key main)
[11:24:30] [main/DEBUG] (FabricLoader/Entrypoint) Registering new-style initializer net.fabricmc.fabric.impl.client.indigo.Indigo for mod fabric-renderer-indigo (key client)
[11:24:30] [main/DEBUG] (FabricLoader/Entrypoint) Registering new-style initializer net.fabricmc.fabric.impl.command.v1.LegacyHandler for mod fabric-command-api-v1 (key main)
[11:24:30] [main/DEBUG] (FabricLoader/Entrypoint) Registering new-style initializer net.fabricmc.fabric.impl.lookup.ApiLookupImpl for mod fabric-api-lookup-api-v1 (key main)
[11:24:30] [main/DEBUG] (FabricLoader/Entrypoint) Registering new-style initializer net.fabricmc.fabric.impl.screenhandler.client.ClientNetworking for mod fabric-screen-handler-api-v1 (key client)
[11:24:30] [main/DEBUG] (FabricLoader/Entrypoint) Registering new-style initializer net.fabricmc.fabric.impl.screenhandler.Networking for mod fabric-screen-handler-api-v1 (key main)
[11:24:30] [main/DEBUG] (FabricLoader/Entrypoint) Registering new-style initializer net.fabricmc.fabric.impl.tag.convention.ConventionLogWarnings for mod fabric-convention-tags-v1 (key main)
[11:24:30] [main/INFO] (FabricLoader/Mixin) SpongePowered MIXIN Subsystem Version=0.8.7 Source=file:/C:/Users/koji/.gradle/caches/modules-2/files-2.1/net.fabricmc/sponge-mixin/0.17.0+mixin.0.8.7/cf31463202f72d03b0ef1e1e38e8ee71b7faaab6/sponge-mixin-0.17.0+mixin.0.8.7.jar Service=Knot/Fabric Env=CLIENT
[11:24:30] [main/DEBUG] (FabricLoader/Mixin) Initialising Mixin Platform Manager
[11:24:30] [main/DEBUG] (FabricLoader/Mixin) Adding mixin platform agents for container ContainerHandleURI(file:///C:/Users/koji/.gradle/caches/modules-2/files-2.1/net.fabricmc/fabric-loader/0.18.4/dc4682125d5db647d6ce80a98b98945835adcd4b/fabric-loader-0.18.4.jar)
[11:24:30] [main/DEBUG] (FabricLoader/Mixin) Instancing new MixinPlatformAgentDefault for ContainerHandleURI(file:///C:/Users/koji/.gradle/caches/modules-2/files-2.1/net.fabricmc/fabric-loader/0.18.4/dc4682125d5db647d6ce80a98b98945835adcd4b/fabric-loader-0.18.4.jar)
[11:24:30] [main/DEBUG] (FabricLoader/Mixin) MixinPlatformAgentDefault accepted container ContainerHandleURI(file:///C:/Users/koji/.gradle/caches/modules-2/files-2.1/net.fabricmc/fabric-loader/0.18.4/dc4682125d5db647d6ce80a98b98945835adcd4b/fabric-loader-0.18.4.jar)
[11:24:30] [main/DEBUG] (FabricLoader/Mixin) Instancing new MixinPlatformAgentDefault for ContainerHandleURI(file:///C:/Users/koji/.gradle/caches/modules-2/files-2.1/net.fabricmc/fabric-loader/0.18.4/dc4682125d5db647d6ce80a98b98945835adcd4b/fabric-loader-0.18.4.jar)
[11:24:30] [main/DEBUG] (FabricLoader/Mixin) MixinPlatformAgentDefault accepted container ContainerHandleURI(file:///C:/Users/koji/.gradle/caches/modules-2/files-2.1/net.fabricmc/fabric-loader/0.18.4/dc4682125d5db647d6ce80a98b98945835adcd4b/fabric-loader-0.18.4.jar)
[11:24:30] [main/DEBUG] (FabricLoader/Mixin) Processing prepare() for PlatformAgent[MixinPlatformAgentDefault:ContainerHandleURI(file:///C:/Users/koji/.gradle/caches/modules-2/files-2.1/net.fabricmc/fabric-loader/0.18.4/dc4682125d5db647d6ce80a98b98945835adcd4b/fabric-loader-0.18.4.jar)]
[11:24:30] [main/DEBUG] (FabricLoader/Mixin) Processing prepare() for PlatformAgent[MixinPlatformAgentDefault:ContainerHandleURI(file:///C:/Users/koji/.gradle/caches/modules-2/files-2.1/net.fabricmc/fabric-loader/0.18.4/dc4682125d5db647d6ce80a98b98945835adcd4b/fabric-loader-0.18.4.jar)]
[11:24:31] [main/INFO] (FabricLoader/Mixin) Loaded Fabric development mappings for mixin remapper!
[11:24:31] [main/DEBUG] (FabricLoader/Mixin) Compatibility level JAVA_17 specified by fabric-block-view-api-v2.mixins.json is higher than the maximum level supported by this version of mixin (JAVA_13).
[11:24:31] [main/INFO] (FabricLoader/Mixin) Compatibility level set to JAVA_17
[11:24:31] [main/DEBUG] (FabricLoader/Mixin) Mixin config fabric-block-view-api-v2.mixins.json does not specify "minVersion" or "requiredFeatures" property
[11:24:31] [main/DEBUG] (FabricLoader/Mixin) Mixin config fabric-block-view-api-v2.client.mixins.json does not specify "minVersion" or "requiredFeatures" property
[11:24:31] [main/DEBUG] (FabricLoader/Mixin) Mixin config fabric-convention-tags-api-v2.mixins.json does not specify "minVersion" or "requiredFeatures" property
[11:24:31] [main/DEBUG] (FabricLoader/Mixin) Mixin config fabric-blockrenderlayer-v1.mixins.json does not specify "minVersion" or "requiredFeatures" property
[11:24:31] [main/DEBUG] (FabricLoader/Mixin) Mixin config fabric-entity-events-v1.mixins.json does not specify "minVersion" or "requiredFeatures" property
[11:24:31] [main/DEBUG] (FabricLoader/Mixin) Mixin config fabric-entity-events-v1.client.mixins.json does not specify "minVersion" or "requiredFeatures" property
[11:24:31] [main/DEBUG] (FabricLoader/Mixin) Mixin config fabric-item-group-api-v1.mixins.json does not specify "minVersion" or "requiredFeatures" property
[11:24:31] [main/DEBUG] (FabricLoader/Mixin) Mixin config fabric-item-group-api-v1.client.mixins.json does not specify "minVersion" or "requiredFeatures" property
[11:24:31] [main/DEBUG] (FabricLoader/Mixin) Mixin config fabric-networking-api-v1.mixins.json does not specify "minVersion" or "requiredFeatures" property
[11:24:31] [main/DEBUG] (FabricLoader/Mixin) Mixin config fabric-networking-api-v1.client.mixins.json does not specify "minVersion" or "requiredFeatures" property
[11:24:31] [main/DEBUG] (FabricLoader/Mixin) Mixin config fabric-item-api-v1.mixins.json does not specify "minVersion" or "requiredFeatures" property
[11:24:31] [main/DEBUG] (FabricLoader/Mixin) Mixin config fabric-item-api-v1.client.mixins.json does not specify "minVersion" or "requiredFeatures" property
[11:24:31] [main/DEBUG] (FabricLoader/Mixin) Mixin config fabric-events-interaction-v0.mixins.json does not specify "minVersion" or "requiredFeatures" property
[11:24:31] [main/DEBUG] (FabricLoader/Mixin) Mixin config fabric-events-interaction-v0.client.mixins.json does not specify "minVersion" or "requiredFeatures" property
[11:24:31] [main/DEBUG] (FabricLoader/Mixin) Mixin config fabric-data-generation-api-v1.mixins.json does not specify "minVersion" or "requiredFeatures" property
[11:24:31] [main/DEBUG] (FabricLoader/Mixin) Mixin config fabric-data-generation-api-v1.client.mixins.json does not specify "minVersion" or "requiredFeatures" property
[11:24:31] [main/DEBUG] (FabricLoader/Mixin) Mixin config fabric-gametest-api-v1.mixins.json does not specify "minVersion" or "requiredFeatures" property
[11:24:31] [main/DEBUG] (FabricLoader/Mixin) Mixin config fabric-data-attachment-api-v1.mixins.json does not specify "minVersion" or "requiredFeatures" property
[11:24:31] [main/DEBUG] (FabricLoader/Mixin) Mixin config fabric-data-attachment-api-v1.client.mixins.json does not specify "minVersion" or "requiredFeatures" property
[11:24:31] [main/DEBUG] (FabricLoader/Mixin) Mixin config fabric-crash-report-info-v1.mixins.json does not specify "minVersion" or "requiredFeatures" property
[11:24:31] [main/DEBUG] (FabricLoader/Mixin) Mixin config fabric-resource-loader-v0.mixins.json does not specify "minVersion" or "requiredFeatures" property
[11:24:31] [main/DEBUG] (FabricLoader/Mixin) Mixin config fabric-resource-loader-v0.client.mixins.json does not specify "minVersion" or "requiredFeatures" property
[11:24:31] [main/DEBUG] (FabricLoader/Mixin) Mixin config fabric-command-api-v2.mixins.json does not specify "minVersion" or "requiredFeatures" property
[11:24:31] [main/DEBUG] (FabricLoader/Mixin) Mixin config fabric-command-api-v2.client.mixins.json does not specify "minVersion" or "requiredFeatures" property
[11:24:31] [main/DEBUG] (FabricLoader/Mixin) Mixin config fabric-particles-v1.client.mixins.json does not specify "minVersion" or "requiredFeatures" property
[11:24:31] [main/DEBUG] (FabricLoader/Mixin) Mixin config fabric-rendering-v1.mixins.json does not specify "minVersion" or "requiredFeatures" property
[11:24:31] [main/DEBUG] (FabricLoader/Mixin) Mixin config fabric-sound-api-v1.mixins.json does not specify "minVersion" or "requiredFeatures" property
[11:24:31] [main/DEBUG] (FabricLoader/Mixin) Mixin config fabric-rendering-data-attachment-v1.mixins.json does not specify "minVersion" or "requiredFeatures" property
[11:24:31] [main/DEBUG] (FabricLoader/Mixin) Mixin config fabric-rendering-data-attachment-v1.client.mixins.json does not specify "minVersion" or "requiredFeatures" property
[11:24:31] [main/DEBUG] (FabricLoader/Mixin) Mixin config fabric-lifecycle-events-v1.mixins.json does not specify "minVersion" or "requiredFeatures" property
[11:24:31] [main/DEBUG] (FabricLoader/Mixin) Mixin config fabric-lifecycle-events-v1.client.mixins.json does not specify "minVersion" or "requiredFeatures" property
[11:24:31] [main/DEBUG] (FabricLoader/Mixin) Mixin config fabric-key-binding-api-v1.mixins.json does not specify "minVersion" or "requiredFeatures" property
[11:24:31] [main/DEBUG] (FabricLoader/Mixin) Mixin config fabric-game-rule-api-v1.mixins.json does not specify "minVersion" or "requiredFeatures" property
[11:24:31] [main/DEBUG] (FabricLoader/Mixin) Mixin config fabric-game-rule-api-v1.client.mixins.json does not specify "minVersion" or "requiredFeatures" property
[11:24:31] [main/DEBUG] (FabricLoader/Mixin) Mixin config fabric-block-api-v1.mixins.json does not specify "minVersion" or "requiredFeatures" property
[11:24:31] [main/DEBUG] (FabricLoader/Mixin) Mixin config fabric-resource-conditions-api-v1.mixins.json does not specify "minVersion" or "requiredFeatures" property
[11:24:31] [main/DEBUG] (FabricLoader/Mixin) Mixin config fabric-model-loading-api-v1.mixins.json does not specify "minVersion" or "requiredFeatures" property
[11:24:31] [main/DEBUG] (FabricLoader/Mixin) Mixin config fabric-loot-api-v2.mixins.json does not specify "minVersion" or "requiredFeatures" property
[11:24:31] [main/DEBUG] (FabricLoader/Mixin) Mixin config fabric-content-registries-v0.mixins.json does not specify "minVersion" or "requiredFeatures" property
[11:24:31] [main/DEBUG] (FabricLoader/Mixin) Mixin config fabric-recipe-api-v1.mixins.json does not specify "minVersion" or "requiredFeatures" property
[11:24:31] [main/DEBUG] (FabricLoader/Mixin) Compatibility level JAVA_21 specified by fabric-renderer-api-v1.mixins.json is higher than the maximum level supported by this version of mixin (JAVA_13).
[11:24:31] [main/INFO] (FabricLoader/Mixin) Compatibility level set to JAVA_21
[11:24:31] [main/DEBUG] (FabricLoader/Mixin) Mixin config fabric-renderer-api-v1.mixins.json does not specify "minVersion" or "requiredFeatures" property
[11:24:31] [main/DEBUG] (FabricLoader/Mixin) Compatibility level JAVA_17 specified by fabric-renderer-api-v1.debughud.mixins.json is higher than the maximum level supported by this version of mixin (JAVA_13).
[11:24:31] [main/DEBUG] (FabricLoader/Mixin) Mixin config fabric-renderer-api-v1.debughud.mixins.json does not specify "minVersion" or "requiredFeatures" property
[11:24:31] [main/DEBUG] (FabricLoader/Mixin) Compatibility level JAVA_17 specified by fabric-transfer-api-v1.mixins.json is higher than the maximum level supported by this version of mixin (JAVA_13).
[11:24:31] [main/DEBUG] (FabricLoader/Mixin) Mixin config fabric-transfer-api-v1.mixins.json does not specify "minVersion" or "requiredFeatures" property
[11:24:31] [main/DEBUG] (FabricLoader/Mixin) Compatibility level JAVA_17 specified by fabric-object-builder-v1.mixins.json is higher than the maximum level supported by this version of mixin (JAVA_13).
[11:24:31] [main/DEBUG] (FabricLoader/Mixin) Mixin config fabric-object-builder-v1.mixins.json does not specify "minVersion" or "requiredFeatures" property
[11:24:31] [main/DEBUG] (FabricLoader/Mixin) Compatibility level JAVA_17 specified by fabric-object-builder-v1.client.mixins.json is higher than the maximum level supported by this version of mixin (JAVA_13).
[11:24:31] [main/DEBUG] (FabricLoader/Mixin) Mixin config fabric-object-builder-v1.client.mixins.json does not specify "minVersion" or "requiredFeatures" property
[11:24:31] [main/DEBUG] (FabricLoader/Mixin) Compatibility level JAVA_17 specified by fabric-rendering-fluids-v1.mixins.json is higher than the maximum level supported by this version of mixin (JAVA_13).
[11:24:31] [main/DEBUG] (FabricLoader/Mixin) Mixin config fabric-rendering-fluids-v1.mixins.json does not specify "minVersion" or "requiredFeatures" property
[11:24:31] [main/DEBUG] (FabricLoader/Mixin) Compatibility level JAVA_17 specified by fabric-dimensions-v1.mixins.json is higher than the maximum level supported by this version of mixin (JAVA_13).
[11:24:31] [main/DEBUG] (FabricLoader/Mixin) Mixin config fabric-dimensions-v1.mixins.json does not specify "minVersion" or "requiredFeatures" property
[11:24:31] [main/DEBUG] (FabricLoader/Mixin) Compatibility level JAVA_17 specified by fabric-message-api-v1.mixins.json is higher than the maximum level supported by this version of mixin (JAVA_13).
[11:24:31] [main/DEBUG] (FabricLoader/Mixin) Mixin config fabric-message-api-v1.mixins.json does not specify "minVersion" or "requiredFeatures" property
[11:24:31] [main/DEBUG] (FabricLoader/Mixin) Compatibility level JAVA_17 specified by fabric-message-api-v1.client.mixins.json is higher than the maximum level supported by this version of mixin (JAVA_13).
[11:24:31] [main/DEBUG] (FabricLoader/Mixin) Mixin config fabric-message-api-v1.client.mixins.json does not specify "minVersion" or "requiredFeatures" property
[11:24:31] [main/DEBUG] (FabricLoader/Mixin) Compatibility level JAVA_17 specified by fabric-registry-sync-v0.mixins.json is higher than the maximum level supported by this version of mixin (JAVA_13).
[11:24:31] [main/DEBUG] (FabricLoader/Mixin) Mixin config fabric-registry-sync-v0.mixins.json does not specify "minVersion" or "requiredFeatures" property
[11:24:31] [main/DEBUG] (FabricLoader/Mixin) Compatibility level JAVA_17 specified by fabric-registry-sync-v0.client.mixins.json is higher than the maximum level supported by this version of mixin (JAVA_13).
[11:24:31] [main/DEBUG] (FabricLoader/Mixin) Mixin config fabric-registry-sync-v0.client.mixins.json does not specify "minVersion" or "requiredFeatures" property
[11:24:31] [main/DEBUG] (FabricLoader/Mixin) Compatibility level JAVA_17 specified by fabric-loot-api-v3.mixins.json is higher than the maximum level supported by this version of mixin (JAVA_13).
[11:24:31] [main/DEBUG] (FabricLoader/Mixin) Mixin config fabric-loot-api-v3.mixins.json does not specify "minVersion" or "requiredFeatures" property
[11:24:31] [main/DEBUG] (FabricLoader/Mixin) Mixin config fabric-renderer-indigo.mixins.json does not specify "minVersion" or "requiredFeatures" property
[11:24:31] [main/DEBUG] (FabricLoader/Mixin) Compatibility level JAVA_17 specified by fabric-biome-api-v1.mixins.json is higher than the maximum level supported by this version of mixin (JAVA_13).
[11:24:31] [main/DEBUG] (FabricLoader/Mixin) Mixin config fabric-biome-api-v1.mixins.json does not specify "minVersion" or "requiredFeatures" property
[11:24:31] [main/DEBUG] (FabricLoader/Mixin) Compatibility level JAVA_17 specified by fabric-api-lookup-api-v1.mixins.json is higher than the maximum level supported by this version of mixin (JAVA_13).
[11:24:31] [main/DEBUG] (FabricLoader/Mixin) Mixin config fabric-api-lookup-api-v1.mixins.json does not specify "minVersion" or "requiredFeatures" property
[11:24:31] [main/DEBUG] (FabricLoader/Mixin) Compatibility level JAVA_17 specified by fabric-screen-api-v1.mixins.json is higher than the maximum level supported by this version of mixin (JAVA_13).
[11:24:31] [main/DEBUG] (FabricLoader/Mixin) Mixin config fabric-screen-api-v1.mixins.json does not specify "minVersion" or "requiredFeatures" property
[11:24:31] [main/DEBUG] (FabricLoader/Mixin) Compatibility level JAVA_17 specified by fabric-screen-handler-api-v1.mixins.json is higher than the maximum level supported by this version of mixin (JAVA_13).
[11:24:31] [main/DEBUG] (FabricLoader/Mixin) Mixin config fabric-screen-handler-api-v1.mixins.json does not specify "minVersion" or "requiredFeatures" property
[11:24:31] [main/DEBUG] (FabricLoader/Knot) Adding C:\Users\koji\Desktop\ArcSteam\Koko\.gradle\loom-cache\minecraftMaven\net\minecraft\minecraft-merged-48f5f74c97\1.21.1-loom.mappings.1_21_1.layered+hash.729445375-v2\minecraft-merged-48f5f74c97-1.21.1-loom.mappings.1_21_1.layered+hash.729445375-v2.jar to classpath.
[11:24:31] [main/DEBUG] (FabricLoader/Knot) Adding C:\Users\koji\Desktop\ArcSteam\Koko\fabric\build\classes\kotlin\main to classpath.
[11:24:31] [main/DEBUG] (FabricLoader/Knot) Adding C:\Users\koji\Desktop\ArcSteam\Koko\fabric\build\resources\main to classpath.
[11:24:31] [main/DEBUG] (FabricLoader/Knot) Adding C:\Users\koji\.gradle\caches\fabric-loom\1.21.1\loom.mappings.1_21_1.layered+hash.729445375-v2\mappings.jar to classpath.
[11:24:31] [main/DEBUG] (FabricLoader/Knot) Adding C:\Users\koji\.gradle\caches\modules-2\files-2.1\net.fabricmc\fabric-language-kotlin\1.13.0+kotlin.2.1.0\e3d4ebcc5aef85967ba622f9631e0897cbcd4e2c\fabric-language-kotlin-1.13.0+kotlin.2.1.0.jar to classpath.
[11:24:31] [main/DEBUG] (FabricLoader/Knot) Adding C:\Users\koji\.gradle\caches\modules-2\files-2.1\org.jetbrains.kotlin\kotlin-reflect\2.1.0\dc3753b59b67d79b7d2f546d51e22a0ec1f082d8\kotlin-reflect-2.1.0.jar to classpath.
[11:24:31] [main/DEBUG] (FabricLoader/Knot) Adding C:\Users\koji\.gradle\caches\modules-2\files-2.1\org.jetbrains.kotlinx\kotlinx-coroutines-jdk8\1.9.0\8290370427d17b921573534e14a37b659b5d3ab5\kotlinx-coroutines-jdk8-1.9.0.jar to classpath.
[11:24:31] [main/DEBUG] (FabricLoader/Knot) Adding C:\Users\koji\.gradle\caches\modules-2\files-2.1\org.jetbrains.kotlinx\kotlinx-coroutines-core-jvm\1.9.0\9beade4c1c1569e4f36cbd2c37e02e3e41502601\kotlinx-coroutines-core-jvm-1.9.0.jar to classpath.
[11:24:31] [main/DEBUG] (FabricLoader/Knot) Adding C:\Users\koji\.gradle\caches\modules-2\files-2.1\org.jetbrains.kotlinx\kotlinx-serialization-json-jvm\1.7.3\6701e8c68d9e82387ce72ee96e8ddf058208d58f\kotlinx-serialization-json-jvm-1.7.3.jar to classpath.
[11:24:31] [main/DEBUG] (FabricLoader/Knot) Adding C:\Users\koji\.gradle\caches\modules-2\files-2.1\org.jetbrains.kotlinx\kotlinx-serialization-cbor-jvm\1.7.3\3d8ffef8d3ebba6c627096312afda71463508852\kotlinx-serialization-cbor-jvm-1.7.3.jar to classpath.
[11:24:31] [main/DEBUG] (FabricLoader/Knot) Adding C:\Users\koji\.gradle\caches\modules-2\files-2.1\org.jetbrains.kotlinx\kotlinx-serialization-core-jvm\1.7.3\1f226780b845ff9206474c05159245d861556249\kotlinx-serialization-core-jvm-1.7.3.jar to classpath.
[11:24:31] [main/DEBUG] (FabricLoader/Knot) Adding C:\Users\koji\.gradle\caches\modules-2\files-2.1\org.jetbrains.kotlinx\atomicfu-jvm\0.26.1\8886a0c1867542c419c6f8ce149a8af13b7bb09\atomicfu-jvm-0.26.1.jar to classpath.
[11:24:31] [main/DEBUG] (FabricLoader/Knot) Adding C:\Users\koji\.gradle\caches\modules-2\files-2.1\org.jetbrains.kotlinx\kotlinx-datetime-jvm\0.6.1\23d9f71268d3ffc31ce5a5d25622f20bffb3d639\kotlinx-datetime-jvm-0.6.1.jar to classpath.
[11:24:31] [main/DEBUG] (FabricLoader/Knot) Adding C:\Users\koji\.gradle\caches\modules-2\files-2.1\org.jetbrains.kotlinx\kotlinx-io-core-jvm\0.6.0\f1d1e496fe0c6937fdb7509442b7f3e613d345d4\kotlinx-io-core-jvm-0.6.0.jar to classpath.
[11:24:31] [main/DEBUG] (FabricLoader/Knot) Adding C:\Users\koji\.gradle\caches\modules-2\files-2.1\org.jetbrains.kotlinx\kotlinx-io-bytestring-jvm\0.6.0\bb3104eef13622362179216566db2ea6a4e7ed64\kotlinx-io-bytestring-jvm-0.6.0.jar to classpath.
[11:24:31] [main/DEBUG] (FabricLoader/Knot) Adding C:\Users\koji\.gradle\caches\modules-2\files-2.1\org.jetbrains.kotlin\kotlin-stdlib-jdk8\2.1.0\c4a51be16c840b969ed706bc25d5836b099d188a\kotlin-stdlib-jdk8-2.1.0.jar to classpath.
[11:24:31] [main/DEBUG] (FabricLoader/Knot) Adding C:\Users\koji\.gradle\caches\modules-2\files-2.1\org.jetbrains.kotlin\kotlin-stdlib-jdk7\2.1.0\d77bee6c7bc849e7b9bf4b83e94e8fd1dfc0ea8a\kotlin-stdlib-jdk7-2.1.0.jar to classpath.
[11:24:31] [main/DEBUG] (FabricLoader/Knot) Adding C:\Users\koji\.gradle\caches\modules-2\files-2.1\org.jetbrains.kotlin\kotlin-stdlib\2.1.0\85f8b81009cda5890e54ba67d64b5e599c645020\kotlin-stdlib-2.1.0.jar to classpath.
[11:24:31] [main/DEBUG] (FabricLoader/Knot) Adding C:\Users\koji\.gradle\caches\modules-2\files-2.1\dev.architectury\architectury-transformer\5.2.87\c81d58e13fbd902ba5d909126733b9e3771c4395\architectury-transformer-5.2.87-agent.jar to classpath.
[11:24:31] [main/DEBUG] (FabricLoader/Knot) Adding C:\Users\koji\.gradle\caches\modules-2\files-2.1\dev.architectury\architectury-transformer\5.2.87\980814ce433a3396de4495194f027dfecc94bb3a\architectury-transformer-5.2.87-runtime.jar to classpath.
[11:24:31] [main/DEBUG] (FabricLoader/Knot) Adding C:\Users\koji\Desktop\ArcSteam\Koko\common\build\devlibs\koko-common-1.0.0-dev.jar to classpath.
[11:24:31] [main/DEBUG] (FabricLoader/Knot) Adding C:\Users\koji\.gradle\caches\modules-2\files-2.1\io.github.llamalad7\mixinextras-fabric\0.5.0\91a83dfb7abd320f6236bd1fcf5c0ff143d59a13\mixinextras-fabric-0.5.0.jar to classpath.
[11:24:31] [main/DEBUG] (FabricLoader/Knot) Adding C:\Users\koji\.gradle\caches\modules-2\files-2.1\net.fabricmc\dev-launch-injector\0.2.1+build.8\da8bef7e6e2f952da707f282bdb46882a0fce5e3\dev-launch-injector-0.2.1+build.8.jar to classpath.
[11:24:31] [main/DEBUG] (FabricLoader/Knot) Adding C:\Users\koji\.gradle\caches\modules-2\files-2.1\com.github.oshi\oshi-core\6.4.10\b1d8ab82d11d92fd639b56d639f8f46f739dd5fa\oshi-core-6.4.10.jar to classpath.
[11:24:31] [main/DEBUG] (FabricLoader/Knot) Adding C:\Users\koji\.gradle\caches\modules-2\files-2.1\com.google.guava\failureaccess\1.0.1\1dcf1de382a0bf95a3d8b0849546c88bac1292c9\failureaccess-1.0.1.jar to classpath.
[11:24:31] [main/DEBUG] (FabricLoader/Knot) Adding C:\Users\koji\.gradle\caches\modules-2\files-2.1\com.google.guava\guava\32.1.2-jre\5e64ec7e056456bef3a4bc4c6fdaef71e8ab6318\guava-32.1.2-jre.jar to classpath.
[11:24:31] [main/DEBUG] (FabricLoader/Knot) Adding C:\Users\koji\.gradle\caches\modules-2\files-2.1\com.ibm.icu\icu4j\73.2\61ad4ef7f9131fcf6d25c34b817f90d6da06c9e9\icu4j-73.2.jar to classpath.
[11:24:31] [main/DEBUG] (FabricLoader/Knot) Adding C:\Users\koji\.gradle\caches\modules-2\files-2.1\com.mojang\blocklist\1.0.10\5c685c5ffa94c4cd39496c7184c1d122e515ecef\blocklist-1.0.10.jar to classpath.
[11:24:31] [main/DEBUG] (FabricLoader/Knot) Adding C:\Users\koji\.gradle\caches\modules-2\files-2.1\com.mojang\brigadier\1.3.10\d15b53a14cf20fdcaa98f731af5dda654452c010\brigadier-1.3.10.jar to classpath.
[11:24:31] [main/DEBUG] (FabricLoader/Knot) Adding C:\Users\koji\.gradle\caches\modules-2\files-2.1\com.mojang\datafixerupper\8.0.16\67d4de6d7f95d89bcf5862995fb854ebaec02a34\datafixerupper-8.0.16.jar to classpath.
[11:24:31] [main/DEBUG] (FabricLoader/Knot) Adding C:\Users\koji\.gradle\caches\modules-2\files-2.1\com.mojang\patchy\2.2.10\da05971b07cbb379d002cf7eaec6a2048211fefc\patchy-2.2.10.jar to classpath.
[11:24:31] [main/DEBUG] (FabricLoader/Knot) Adding C:\Users\koji\.gradle\caches\modules-2\files-2.1\com.mojang\text2speech\1.17.9\3cad216e3a7f0c19b4b394388bc9ffc446f13b14\text2speech-1.17.9.jar to classpath.
[11:24:31] [main/DEBUG] (FabricLoader/Knot) Adding C:\Users\koji\.gradle\caches\modules-2\files-2.1\commons-codec\commons-codec\1.16.0\4e3eb3d79888d76b54e28b350915b5dc3919c9de\commons-codec-1.16.0.jar to classpath.
[11:24:31] [main/DEBUG] (FabricLoader/Knot) Adding C:\Users\koji\.gradle\caches\modules-2\files-2.1\commons-io\commons-io\2.15.1\f11560da189ab563a5c8e351941415430e9304ea\commons-io-2.15.1.jar to classpath.
[11:24:31] [main/DEBUG] (FabricLoader/Knot) Adding C:\Users\koji\.gradle\caches\modules-2\files-2.1\commons-logging\commons-logging\1.2\4bfc12adfe4842bf07b657f0369c4cb522955686\commons-logging-1.2.jar to classpath.
[11:24:31] [main/DEBUG] (FabricLoader/Knot) Adding C:\Users\koji\.gradle\caches\modules-2\files-2.1\io.netty\netty-buffer\4.1.97.Final\f8f3d8644afa5e6e1a40a3a6aeb9d9aa970ecb4f\netty-buffer-4.1.97.Final.jar to classpath.
[11:24:31] [main/DEBUG] (FabricLoader/Knot) Adding C:\Users\koji\.gradle\caches\modules-2\files-2.1\io.netty\netty-codec\4.1.97.Final\384ba4d75670befbedb45c4d3b497a93639c206d\netty-codec-4.1.97.Final.jar to classpath.
[11:24:31] [main/DEBUG] (FabricLoader/Knot) Adding C:\Users\koji\.gradle\caches\modules-2\files-2.1\io.netty\netty-common\4.1.97.Final\7cceacaf11df8dc63f23d0fb58e9d4640fc88404\netty-common-4.1.97.Final.jar to classpath.
[11:24:31] [main/DEBUG] (FabricLoader/Knot) Adding C:\Users\koji\.gradle\caches\modules-2\files-2.1\io.netty\netty-handler\4.1.97.Final\abb86c6906bf512bf2b797a41cd7d2e8d3cd7c36\netty-handler-4.1.97.Final.jar to classpath.
[11:24:31] [main/DEBUG] (FabricLoader/Knot) Adding C:\Users\koji\.gradle\caches\modules-2\files-2.1\io.netty\netty-resolver\4.1.97.Final\cec8348108dc76c47cf87c669d514be52c922144\netty-resolver-4.1.97.Final.jar to classpath.
[11:24:31] [main/DEBUG] (FabricLoader/Knot) Adding C:\Users\koji\.gradle\caches\modules-2\files-2.1\io.netty\netty-transport-classes-epoll\4.1.97.Final\795da37ded759e862457a82d9d92c4d39ce8ecee\netty-transport-classes-epoll-4.1.97.Final.jar to classpath.
[11:24:31] [main/DEBUG] (FabricLoader/Knot) Adding C:\Users\koji\.gradle\caches\modules-2\files-2.1\io.netty\netty-transport-native-unix-common\4.1.97.Final\d469d84265ab70095b01b40886cabdd433b6e664\netty-transport-native-unix-common-4.1.97.Final.jar to classpath.
[11:24:31] [main/DEBUG] (FabricLoader/Knot) Adding C:\Users\koji\.gradle\caches\modules-2\files-2.1\io.netty\netty-transport\4.1.97.Final\f37380d23c9bb079bc702910833b2fd532c9abd0\netty-transport-4.1.97.Final.jar to classpath.
[11:24:31] [main/DEBUG] (FabricLoader/Knot) Adding C:\Users\koji\.gradle\caches\modules-2\files-2.1\it.unimi.dsi\fastutil\8.5.12\c24946d46824bd528054bface3231d2ecb7e95e8\fastutil-8.5.12.jar to classpath.
[11:24:31] [main/DEBUG] (FabricLoader/Knot) Adding C:\Users\koji\.gradle\caches\modules-2\files-2.1\net.java.dev.jna\jna-platform\5.14.0\28934d48aed814f11e4c584da55c49fa7032b31b\jna-platform-5.14.0.jar to classpath.
[11:24:31] [main/DEBUG] (FabricLoader/Knot) Adding C:\Users\koji\.gradle\caches\modules-2\files-2.1\net.java.dev.jna\jna\5.14.0\67bf3eaea4f0718cb376a181a629e5f88fa1c9dd\jna-5.14.0.jar to classpath.
[11:24:31] [main/DEBUG] (FabricLoader/Knot) Adding C:\Users\koji\.gradle\caches\modules-2\files-2.1\net.sf.jopt-simple\jopt-simple\5.0.4\4fdac2fbe92dfad86aa6e9301736f6b4342a3f5c\jopt-simple-5.0.4.jar to classpath.
[11:24:31] [main/DEBUG] (FabricLoader/Knot) Adding C:\Users\koji\.gradle\caches\modules-2\files-2.1\org.apache.commons\commons-compress\1.26.0\659feffdd12280201c8aacb8f7be94f9a883c824\commons-compress-1.26.0.jar to classpath.
[11:24:31] [main/DEBUG] (FabricLoader/Knot) Adding C:\Users\koji\.gradle\caches\modules-2\files-2.1\org.apache.commons\commons-lang3\3.14.0\1ed471194b02f2c6cb734a0cd6f6f107c673afae\commons-lang3-3.14.0.jar to classpath.
[11:24:31] [main/DEBUG] (FabricLoader/Knot) Adding C:\Users\koji\.gradle\caches\modules-2\files-2.1\org.apache.httpcomponents\httpclient\4.5.13\e5f6cae5ca7ecaac1ec2827a9e2d65ae2869cada\httpclient-4.5.13.jar to classpath.
[11:24:31] [main/DEBUG] (FabricLoader/Knot) Adding C:\Users\koji\.gradle\caches\modules-2\files-2.1\org.apache.httpcomponents\httpcore\4.4.16\51cf043c87253c9f58b539c9f7e44c8894223850\httpcore-4.4.16.jar to classpath.
[11:24:31] [main/DEBUG] (FabricLoader/Knot) Adding C:\Users\koji\.gradle\caches\modules-2\files-2.1\org.jcraft\jorbis\0.0.17\8872d22b293e8f5d7d56ff92be966e6dc28ebdc6\jorbis-0.0.17.jar to classpath.
[11:24:31] [main/DEBUG] (FabricLoader/Knot) Adding C:\Users\koji\.gradle\caches\modules-2\files-2.1\org.joml\joml\1.10.5\22566d58af70ad3d72308bab63b8339906deb649\joml-1.10.5.jar to classpath.
[11:24:31] [main/DEBUG] (FabricLoader/Knot) Adding C:\Users\koji\.gradle\caches\modules-2\files-2.1\org.lwjgl\lwjgl-freetype\3.3.3\a0db6c84a8becc8ca05f9dbfa985edc348a824c7\lwjgl-freetype-3.3.3.jar to classpath.
[11:24:31] [main/DEBUG] (FabricLoader/Knot) Adding C:\Users\koji\.gradle\caches\modules-2\files-2.1\org.lwjgl\lwjgl-freetype\3.3.3\81091b006dbb43fab04c8c638e9ac87c51b4096d\lwjgl-freetype-3.3.3-natives-windows.jar to classpath.
[11:24:31] [main/DEBUG] (FabricLoader/Knot) Adding C:\Users\koji\.gradle\caches\modules-2\files-2.1\org.lwjgl\lwjgl-freetype\3.3.3\82028265a0a2ff33523ca75137ada7dc176e5210\lwjgl-freetype-3.3.3-natives-windows-arm64.jar to classpath.
[11:24:31] [main/DEBUG] (FabricLoader/Knot) Adding C:\Users\koji\.gradle\caches\modules-2\files-2.1\org.lwjgl\lwjgl-freetype\3.3.3\15a8c1de7f51d07a92eae7ce1222557073a0c0c3\lwjgl-freetype-3.3.3-natives-windows-x86.jar to classpath.
[11:24:31] [main/DEBUG] (FabricLoader/Knot) Adding C:\Users\koji\.gradle\caches\modules-2\files-2.1\org.lwjgl\lwjgl-glfw\3.3.3\efa1eb78c5ccd840e9f329717109b5e892d72f8e\lwjgl-glfw-3.3.3.jar to classpath.
[11:24:31] [main/DEBUG] (FabricLoader/Knot) Adding C:\Users\koji\.gradle\caches\modules-2\files-2.1\org.lwjgl\lwjgl-glfw\3.3.3\e449e28b4891fc423c54c85fbc5bb0b9efece67a\lwjgl-glfw-3.3.3-natives-windows.jar to classpath.
[11:24:31] [main/DEBUG] (FabricLoader/Knot) Adding C:\Users\koji\.gradle\caches\modules-2\files-2.1\org.lwjgl\lwjgl-glfw\3.3.3\f27018dc74f6289574502b46cce55d52817554e2\lwjgl-glfw-3.3.3-natives-windows-arm64.jar to classpath.
[11:24:31] [main/DEBUG] (FabricLoader/Knot) Adding C:\Users\koji\.gradle\caches\modules-2\files-2.1\org.lwjgl\lwjgl-glfw\3.3.3\32334f3fd5270a59bad9939a93115acb6de36dcf\lwjgl-glfw-3.3.3-natives-windows-x86.jar to classpath.
[11:24:31] [main/DEBUG] (FabricLoader/Knot) Adding C:\Users\koji\.gradle\caches\modules-2\files-2.1\org.lwjgl\lwjgl-jemalloc\3.3.3\b543467b7ff3c6920539a88ee602d34098628be5\lwjgl-jemalloc-3.3.3.jar to classpath.
[11:24:31] [main/DEBUG] (FabricLoader/Knot) Adding C:\Users\koji\.gradle\caches\modules-2\files-2.1\org.lwjgl\lwjgl-jemalloc\3.3.3\426222fc027602a5f21b9c0fe79cde6a4c7a011f\lwjgl-jemalloc-3.3.3-natives-windows.jar to classpath.
[11:24:31] [main/DEBUG] (FabricLoader/Knot) Adding C:\Users\koji\.gradle\caches\modules-2\files-2.1\org.lwjgl\lwjgl-jemalloc\3.3.3\ba1f3fed0ee4be0217eaa41c5bbfb4b9b1383c33\lwjgl-jemalloc-3.3.3-natives-windows-arm64.jar to classpath.
[11:24:31] [main/DEBUG] (FabricLoader/Knot) Adding C:\Users\koji\.gradle\caches\modules-2\files-2.1\org.lwjgl\lwjgl-jemalloc\3.3.3\f6063b6e0f23be483c5c88d84ce51b39dc69126c\lwjgl-jemalloc-3.3.3-natives-windows-x86.jar to classpath.
[11:24:31] [main/DEBUG] (FabricLoader/Knot) Adding C:\Users\koji\.gradle\caches\modules-2\files-2.1\org.lwjgl\lwjgl-openal\3.3.3\daada81ceb5fc0c291fbfdd4433cb8d9423577f2\lwjgl-openal-3.3.3.jar to classpath.
[11:24:31] [main/DEBUG] (FabricLoader/Knot) Adding C:\Users\koji\.gradle\caches\modules-2\files-2.1\org.lwjgl\lwjgl-openal\3.3.3\cf83862ae95d98496b26915024c7e666d8ab1c8f\lwjgl-openal-3.3.3-natives-windows.jar to classpath.
[11:24:31] [main/DEBUG] (FabricLoader/Knot) Adding C:\Users\koji\.gradle\caches\modules-2\files-2.1\org.lwjgl\lwjgl-openal\3.3.3\8e0615235116b9e4160dfe87bec90f5f6378bf72\lwjgl-openal-3.3.3-natives-windows-arm64.jar to classpath.
[11:24:31] [main/DEBUG] (FabricLoader/Knot) Adding C:\Users\koji\.gradle\caches\modules-2\files-2.1\org.lwjgl\lwjgl-openal\3.3.3\87b8d5050e3adb46bb58fe1cb2669a4a48fce10d\lwjgl-openal-3.3.3-natives-windows-x86.jar to classpath.
[11:24:31] [main/DEBUG] (FabricLoader/Knot) Adding C:\Users\koji\.gradle\caches\modules-2\files-2.1\org.lwjgl\lwjgl-opengl\3.3.3\2f6b0147078396a58979125a4c947664e98293a\lwjgl-opengl-3.3.3.jar to classpath.
[11:24:31] [main/DEBUG] (FabricLoader/Knot) Adding C:\Users\koji\.gradle\caches\modules-2\files-2.1\org.lwjgl\lwjgl-opengl\3.3.3\e6c1eec8be8a71951b830a4d69efc01c6531900c\lwjgl-opengl-3.3.3-natives-windows.jar to classpath.
[11:24:31] [main/DEBUG] (FabricLoader/Knot) Adding C:\Users\koji\.gradle\caches\modules-2\files-2.1\org.lwjgl\lwjgl-opengl\3.3.3\65e956d3735a1abdc82eff4baec1b61174697d4b\lwjgl-opengl-3.3.3-natives-windows-arm64.jar to classpath.
[11:24:31] [main/DEBUG] (FabricLoader/Knot) Adding C:\Users\koji\.gradle\caches\modules-2\files-2.1\org.lwjgl\lwjgl-opengl\3.3.3\d32d833dcaa2f355a886eaf21f0408b5f03241d\lwjgl-opengl-3.3.3-natives-windows-x86.jar to classpath.
[11:24:31] [main/DEBUG] (FabricLoader/Knot) Adding C:\Users\koji\.gradle\caches\modules-2\files-2.1\org.lwjgl\lwjgl-stb\3.3.3\25dd6161988d7e65f71d5065c99902402ee32746\lwjgl-stb-3.3.3.jar to classpath.
[11:24:31] [main/DEBUG] (FabricLoader/Knot) Adding C:\Users\koji\.gradle\caches\modules-2\files-2.1\org.lwjgl\lwjgl-stb\3.3.3\1d9facdf6541de114b0f963be33505b7679c78cb\lwjgl-stb-3.3.3-natives-windows.jar to classpath.
[11:24:31] [main/DEBUG] (FabricLoader/Knot) Adding C:\Users\koji\.gradle\caches\modules-2\files-2.1\org.lwjgl\lwjgl-stb\3.3.3\a584ab44de569708871f0a79561f4d8c37487f2c\lwjgl-stb-3.3.3-natives-windows-arm64.jar to classpath.
[11:24:31] [main/DEBUG] (FabricLoader/Knot) Adding C:\Users\koji\.gradle\caches\modules-2\files-2.1\org.lwjgl\lwjgl-stb\3.3.3\b5c874687b9aac1a936501d4ed2c49567fd1b575\lwjgl-stb-3.3.3-natives-windows-x86.jar to classpath.
[11:24:31] [main/DEBUG] (FabricLoader/Knot) Adding C:\Users\koji\.gradle\caches\modules-2\files-2.1\org.lwjgl\lwjgl-tinyfd\3.3.3\82d755ca94b102e9ca77283b9e2dc46d1b15fbe5\lwjgl-tinyfd-3.3.3.jar to classpath.
[11:24:31] [main/DEBUG] (FabricLoader/Knot) Adding C:\Users\koji\.gradle\caches\modules-2\files-2.1\org.lwjgl\lwjgl-tinyfd\3.3.3\a6697981b0449a5087c1d546fc08b4f73e8f98c9\lwjgl-tinyfd-3.3.3-natives-windows.jar to classpath.
[11:24:31] [main/DEBUG] (FabricLoader/Knot) Adding C:\Users\koji\.gradle\caches\modules-2\files-2.1\org.lwjgl\lwjgl-tinyfd\3.3.3\a88c494f3006eb91a7433b12a3a55a9a6c20788b\lwjgl-tinyfd-3.3.3-natives-windows-arm64.jar to classpath.
[11:24:31] [main/DEBUG] (FabricLoader/Knot) Adding C:\Users\koji\.gradle\caches\modules-2\files-2.1\org.lwjgl\lwjgl-tinyfd\3.3.3\c336c84ee88cccb495c6ffa112395509e7378e8a\lwjgl-tinyfd-3.3.3-natives-windows-x86.jar to classpath.
[11:24:31] [main/DEBUG] (FabricLoader/Knot) Adding C:\Users\koji\.gradle\caches\modules-2\files-2.1\org.lwjgl\lwjgl\3.3.3\29589b5f87ed335a6c7e7ee6a5775f81f97ecb84\lwjgl-3.3.3.jar to classpath.
[11:24:31] [main/DEBUG] (FabricLoader/Knot) Adding C:\Users\koji\.gradle\caches\modules-2\files-2.1\org.lwjgl\lwjgl\3.3.3\a5ed18a2b82fc91b81f40d717cb1f64c9dcb0540\lwjgl-3.3.3-natives-windows.jar to classpath.
[11:24:31] [main/DEBUG] (FabricLoader/Knot) Adding C:\Users\koji\.gradle\caches\modules-2\files-2.1\org.lwjgl\lwjgl\3.3.3\e9aca8c5479b520a2a7f0d542a118140e812c5e8\lwjgl-3.3.3-natives-windows-arm64.jar to classpath.
[11:24:31] [main/DEBUG] (FabricLoader/Knot) Adding C:\Users\koji\.gradle\caches\modules-2\files-2.1\org.lwjgl\lwjgl\3.3.3\9e670718e050aeaeea0c2d5b907cffb142f2e58f\lwjgl-3.3.3-natives-windows-x86.jar to classpath.
[11:24:31] [main/DEBUG] (FabricLoader/Knot) Adding C:\Users\koji\.gradle\caches\modules-2\files-2.1\org.lz4\lz4-java\1.8.0\4b986a99445e49ea5fbf5d149c4b63f6ed6c6780\lz4-java-1.8.0.jar to classpath.
[11:24:31] [main/DEBUG] (FabricLoader/Knot) Adding C:\Users\koji\.gradle\caches\modules-2\files-2.1\io.netty\netty-transport-native-epoll\4.1.97.Final\54188f271e388e7f313aea995e82f58ce2cdb809\netty-transport-native-epoll-4.1.97.Final-linux-x86_64.jar to classpath.
[11:24:31] [main/DEBUG] (FabricLoader/Knot) Adding C:\Users\koji\.gradle\caches\modules-2\files-2.1\io.netty\netty-transport-native-epoll\4.1.97.Final\5514744c588190ffda076b35a9b8c9f24946a960\netty-transport-native-epoll-4.1.97.Final-linux-aarch_64.jar to classpath.
[11:24:31] [main/DEBUG] (FabricLoader/Knot) Adding C:\Users\koji\Desktop\ArcSteam\Koko\.gradle\loom-cache\remapped_mods\remapped\net\fabricmc\fabric-api\fabric-api-8d3bd8fa\0.116.9+1.21.1\fabric-api-8d3bd8fa-0.116.9+1.21.1.jar to classpath.
[11:24:31] [main/DEBUG] (FabricLoader/Knot) Adding C:\Users\koji\Desktop\ArcSteam\Koko\.gradle\loom-cache\remapped_mods\remapped\net\fabricmc\fabric-api\fabric-transfer-api-v1-8d3bd8fa\5.4.4+7b3d111d19\fabric-transfer-api-v1-8d3bd8fa-5.4.4+7b3d111d19.jar to classpath.
[11:24:31] [main/DEBUG] (FabricLoader/Knot) Adding C:\Users\koji\Desktop\ArcSteam\Koko\.gradle\loom-cache\remapped_mods\remapped\net\fabricmc\fabric-api\fabric-api-lookup-api-v1-8d3bd8fa\1.6.72+7b3d111d19\fabric-api-lookup-api-v1-8d3bd8fa-1.6.72+7b3d111d19.jar to classpath.
[11:24:31] [main/DEBUG] (FabricLoader/Knot) Adding C:\Users\koji\Desktop\ArcSteam\Koko\.gradle\loom-cache\remapped_mods\remapped\net\fabricmc\fabric-api\fabric-blockrenderlayer-v1-8d3bd8fa\1.1.52+0af3f5a719\fabric-blockrenderlayer-v1-8d3bd8fa-1.1.52+0af3f5a719.jar to classpath.
[11:24:31] [main/DEBUG] (FabricLoader/Knot) Adding C:\Users\koji\Desktop\ArcSteam\Koko\.gradle\loom-cache\remapped_mods\remapped\net\fabricmc\fabric-api\fabric-client-tags-api-v1-8d3bd8fa\1.1.15+6573ed8c19\fabric-client-tags-api-v1-8d3bd8fa-1.1.15+6573ed8c19.jar to classpath.
[11:24:31] [main/DEBUG] (FabricLoader/Knot) Adding C:\Users\koji\Desktop\ArcSteam\Koko\.gradle\loom-cache\remapped_mods\remapped\net\fabricmc\fabric-api\fabric-command-api-v1-8d3bd8fa\1.2.49+f71b366f19\fabric-command-api-v1-8d3bd8fa-1.2.49+f71b366f19.jar to classpath.
[11:24:31] [main/DEBUG] (FabricLoader/Knot) Adding C:\Users\koji\Desktop\ArcSteam\Koko\.gradle\loom-cache\remapped_mods\remapped\net\fabricmc\fabric-api\fabric-commands-v0-8d3bd8fa\0.2.66+df3654b319\fabric-commands-v0-8d3bd8fa-0.2.66+df3654b319.jar to classpath.
[11:24:31] [main/DEBUG] (FabricLoader/Knot) Adding C:\Users\koji\Desktop\ArcSteam\Koko\.gradle\loom-cache\remapped_mods\remapped\net\fabricmc\fabric-api\fabric-command-api-v2-8d3bd8fa\2.2.28+6ced4dd919\fabric-command-api-v2-8d3bd8fa-2.2.28+6ced4dd919.jar to classpath.
[11:24:31] [main/DEBUG] (FabricLoader/Knot) Adding C:\Users\koji\Desktop\ArcSteam\Koko\.gradle\loom-cache\remapped_mods\remapped\net\fabricmc\fabric-api\fabric-content-registries-v0-8d3bd8fa\8.0.19+b559734419\fabric-content-registries-v0-8d3bd8fa-8.0.19+b559734419.jar to classpath.
[11:24:31] [main/DEBUG] (FabricLoader/Knot) Adding C:\Users\koji\Desktop\ArcSteam\Koko\.gradle\loom-cache\remapped_mods\remapped\net\fabricmc\fabric-api\fabric-data-generation-api-v1-8d3bd8fa\20.2.35+37516cd619\fabric-data-generation-api-v1-8d3bd8fa-20.2.35+37516cd619.jar to classpath.
[11:24:31] [main/DEBUG] (FabricLoader/Knot) Adding C:\Users\koji\Desktop\ArcSteam\Koko\.gradle\loom-cache\remapped_mods\remapped\net\fabricmc\fabric-api\fabric-convention-tags-v1-8d3bd8fa\2.1.6+7f945d5b19\fabric-convention-tags-v1-8d3bd8fa-2.1.6+7f945d5b19.jar to classpath.
[11:24:31] [main/DEBUG] (FabricLoader/Knot) Adding C:\Users\koji\Desktop\ArcSteam\Koko\.gradle\loom-cache\remapped_mods\remapped\net\fabricmc\fabric-api\fabric-convention-tags-v2-8d3bd8fa\2.11.2+fa89716719\fabric-convention-tags-v2-8d3bd8fa-2.11.2+fa89716719.jar to classpath.
[11:24:31] [main/DEBUG] (FabricLoader/Knot) Adding C:\Users\koji\Desktop\ArcSteam\Koko\.gradle\loom-cache\remapped_mods\remapped\net\fabricmc\fabric-api\fabric-data-attachment-api-v1-8d3bd8fa\1.4.6+5b36e0f719\fabric-data-attachment-api-v1-8d3bd8fa-1.4.6+5b36e0f719.jar to classpath.
[11:24:31] [main/DEBUG] (FabricLoader/Knot) Adding C:\Users\koji\Desktop\ArcSteam\Koko\.gradle\loom-cache\remapped_mods\remapped\net\fabricmc\fabric-api\fabric-entity-events-v1-8d3bd8fa\1.8.0+2b27e0a419\fabric-entity-events-v1-8d3bd8fa-1.8.0+2b27e0a419.jar to classpath.
[11:24:31] [main/DEBUG] (FabricLoader/Knot) Adding C:\Users\koji\Desktop\ArcSteam\Koko\.gradle\loom-cache\remapped_mods\remapped\net\fabricmc\fabric-api\fabric-events-interaction-v0-8d3bd8fa\0.7.13+ba9dae0619\fabric-events-interaction-v0-8d3bd8fa-0.7.13+ba9dae0619.jar to classpath.
[11:24:31] [main/DEBUG] (FabricLoader/Knot) Adding C:\Users\koji\Desktop\ArcSteam\Koko\.gradle\loom-cache\remapped_mods\remapped\net\fabricmc\fabric-api\fabric-gametest-api-v1-8d3bd8fa\2.0.5+6fc22b9919\fabric-gametest-api-v1-8d3bd8fa-2.0.5+6fc22b9919.jar to classpath.
[11:24:31] [main/DEBUG] (FabricLoader/Knot) Adding C:\Users\koji\Desktop\ArcSteam\Koko\.gradle\loom-cache\remapped_mods\remapped\net\fabricmc\fabric-api\fabric-item-api-v1-8d3bd8fa\11.2.0+3b3cb2e819\fabric-item-api-v1-8d3bd8fa-11.2.0+3b3cb2e819.jar to classpath.
[11:24:31] [main/DEBUG] (FabricLoader/Knot) Adding C:\Users\koji\Desktop\ArcSteam\Koko\.gradle\loom-cache\remapped_mods\remapped\net\fabricmc\fabric-api\fabric-item-group-api-v1-8d3bd8fa\4.1.7+def88e3a19\fabric-item-group-api-v1-8d3bd8fa-4.1.7+def88e3a19.jar to classpath.
[11:24:31] [main/DEBUG] (FabricLoader/Knot) Adding C:\Users\koji\Desktop\ArcSteam\Koko\.gradle\loom-cache\remapped_mods\remapped\net\fabricmc\fabric-api\fabric-lifecycle-events-v1-8d3bd8fa\2.6.0+0865547519\fabric-lifecycle-events-v1-8d3bd8fa-2.6.0+0865547519.jar to classpath.
[11:24:31] [main/DEBUG] (FabricLoader/Knot) Adding C:\Users\koji\Desktop\ArcSteam\Koko\.gradle\loom-cache\remapped_mods\remapped\net\fabricmc\fabric-api\fabric-loot-api-v2-8d3bd8fa\3.0.15+3f89f5a519\fabric-loot-api-v2-8d3bd8fa-3.0.15+3f89f5a519.jar to classpath.
[11:24:31] [main/DEBUG] (FabricLoader/Knot) Adding C:\Users\koji\Desktop\ArcSteam\Koko\.gradle\loom-cache\remapped_mods\remapped\net\fabricmc\fabric-api\fabric-loot-api-v3-8d3bd8fa\1.0.3+3f89f5a519\fabric-loot-api-v3-8d3bd8fa-1.0.3+3f89f5a519.jar to classpath.
[11:24:31] [main/DEBUG] (FabricLoader/Knot) Adding C:\Users\koji\Desktop\ArcSteam\Koko\.gradle\loom-cache\remapped_mods\remapped\net\fabricmc\fabric-api\fabric-message-api-v1-8d3bd8fa\6.0.14+8aaf3aca19\fabric-message-api-v1-8d3bd8fa-6.0.14+8aaf3aca19.jar to classpath.
[11:24:31] [main/DEBUG] (FabricLoader/Knot) Adding C:\Users\koji\Desktop\ArcSteam\Koko\.gradle\loom-cache\remapped_mods\remapped\net\fabricmc\fabric-api\fabric-model-loading-api-v1-8d3bd8fa\2.1.0+b4d813fc19\fabric-model-loading-api-v1-8d3bd8fa-2.1.0+b4d813fc19.jar to classpath.
[11:24:31] [main/DEBUG] (FabricLoader/Knot) Adding C:\Users\koji\Desktop\ArcSteam\Koko\.gradle\loom-cache\remapped_mods\remapped\net\fabricmc\fabric-api\fabric-recipe-api-v1-8d3bd8fa\5.0.15+2475392c19\fabric-recipe-api-v1-8d3bd8fa-5.0.15+2475392c19.jar to classpath.
[11:24:31] [main/DEBUG] (FabricLoader/Knot) Adding C:\Users\koji\Desktop\ArcSteam\Koko\.gradle\loom-cache\remapped_mods\remapped\net\fabricmc\fabric-api\fabric-screen-handler-api-v1-8d3bd8fa\1.3.90+b559734419\fabric-screen-handler-api-v1-8d3bd8fa-1.3.90+b559734419.jar to classpath.
[11:24:31] [main/DEBUG] (FabricLoader/Knot) Adding C:\Users\koji\Desktop\ArcSteam\Koko\.gradle\loom-cache\remapped_mods\remapped\net\fabricmc\fabric-api\fabric-registry-sync-v0-8d3bd8fa\5.3.1+e3eddc2119\fabric-registry-sync-v0-8d3bd8fa-5.3.1+e3eddc2119.jar to classpath.
[11:24:31] [main/DEBUG] (FabricLoader/Knot) Adding C:\Users\koji\Desktop\ArcSteam\Koko\.gradle\loom-cache\remapped_mods\remapped\net\fabricmc\fabric-api\fabric-networking-api-v1-8d3bd8fa\4.3.0+c7469b2119\fabric-networking-api-v1-8d3bd8fa-4.3.0+c7469b2119.jar to classpath.
[11:24:31] [main/DEBUG] (FabricLoader/Knot) Adding C:\Users\koji\Desktop\ArcSteam\Koko\.gradle\loom-cache\remapped_mods\remapped\net\fabricmc\fabric-api\fabric-object-builder-api-v1-8d3bd8fa\15.2.1+40875a9319\fabric-object-builder-api-v1-8d3bd8fa-15.2.1+40875a9319.jar to classpath.
[11:24:31] [main/DEBUG] (FabricLoader/Knot) Adding C:\Users\koji\Desktop\ArcSteam\Koko\.gradle\loom-cache\remapped_mods\remapped\net\fabricmc\fabric-api\fabric-particles-v1-8d3bd8fa\4.0.2+6573ed8c19\fabric-particles-v1-8d3bd8fa-4.0.2+6573ed8c19.jar to classpath.
[11:24:31] [main/DEBUG] (FabricLoader/Knot) Adding C:\Users\koji\Desktop\ArcSteam\Koko\.gradle\loom-cache\remapped_mods\remapped\net\fabricmc\fabric-api\fabric-renderer-indigo-8d3bd8fa\1.7.1+c705a49c19\fabric-renderer-indigo-8d3bd8fa-1.7.1+c705a49c19.jar to classpath.
[11:24:31] [main/DEBUG] (FabricLoader/Knot) Adding C:\Users\koji\Desktop\ArcSteam\Koko\.gradle\loom-cache\remapped_mods\remapped\net\fabricmc\fabric-api\fabric-renderer-api-v1-8d3bd8fa\3.4.1+b4d813fc19\fabric-renderer-api-v1-8d3bd8fa-3.4.1+b4d813fc19.jar to classpath.
[11:24:31] [main/DEBUG] (FabricLoader/Knot) Adding C:\Users\koji\Desktop\ArcSteam\Koko\.gradle\loom-cache\remapped_mods\remapped\net\fabricmc\fabric-api\fabric-rendering-fluids-v1-8d3bd8fa\3.1.6+1daea21519\fabric-rendering-fluids-v1-8d3bd8fa-3.1.6+1daea21519.jar to classpath.
[11:24:31] [main/DEBUG] (FabricLoader/Knot) Adding C:\Users\koji\Desktop\ArcSteam\Koko\.gradle\loom-cache\remapped_mods\remapped\net\fabricmc\fabric-api\fabric-renderer-registries-v1-8d3bd8fa\3.2.69+df3654b319\fabric-renderer-registries-v1-8d3bd8fa-3.2.69+df3654b319.jar to classpath.
[11:24:31] [main/DEBUG] (FabricLoader/Knot) Adding C:\Users\koji\Desktop\ArcSteam\Koko\.gradle\loom-cache\remapped_mods\remapped\net\fabricmc\fabric-api\fabric-rendering-v0-8d3bd8fa\1.1.72+df3654b319\fabric-rendering-v0-8d3bd8fa-1.1.72+df3654b319.jar to classpath.
[11:24:31] [main/DEBUG] (FabricLoader/Knot) Adding C:\Users\koji\Desktop\ArcSteam\Koko\.gradle\loom-cache\remapped_mods\remapped\net\fabricmc\fabric-api\fabric-rendering-v1-8d3bd8fa\5.1.0+ab4c25a019\fabric-rendering-v1-8d3bd8fa-5.1.0+ab4c25a019.jar to classpath.
[11:24:31] [main/DEBUG] (FabricLoader/Knot) Adding C:\Users\koji\Desktop\ArcSteam\Koko\.gradle\loom-cache\remapped_mods\remapped\net\fabricmc\fabric-api\fabric-screen-api-v1-8d3bd8fa\2.0.25+8b68f1c719\fabric-screen-api-v1-8d3bd8fa-2.0.25+8b68f1c719.jar to classpath.
[11:24:31] [main/DEBUG] (FabricLoader/Knot) Adding C:\Users\koji\Desktop\ArcSteam\Koko\.gradle\loom-cache\remapped_mods\remapped\net\fabricmc\fabric-api\fabric-api-base-8d3bd8fa\0.4.42+6573ed8c19\fabric-api-base-8d3bd8fa-0.4.42+6573ed8c19.jar to classpath.
[11:24:31] [main/DEBUG] (FabricLoader/Knot) Adding C:\Users\koji\Desktop\ArcSteam\Koko\.gradle\loom-cache\remapped_mods\remapped\net\fabricmc\fabric-api\fabric-biome-api-v1-8d3bd8fa\13.0.31+d527f9fd19\fabric-biome-api-v1-8d3bd8fa-13.0.31+d527f9fd19.jar to classpath.
[11:24:31] [main/DEBUG] (FabricLoader/Knot) Adding C:\Users\koji\Desktop\ArcSteam\Koko\.gradle\loom-cache\remapped_mods\remapped\net\fabricmc\fabric-api\fabric-block-api-v1-8d3bd8fa\1.1.0+0bc3503219\fabric-block-api-v1-8d3bd8fa-1.1.0+0bc3503219.jar to classpath.
[11:24:31] [main/DEBUG] (FabricLoader/Knot) Adding C:\Users\koji\Desktop\ArcSteam\Koko\.gradle\loom-cache\remapped_mods\remapped\net\fabricmc\fabric-api\fabric-rendering-data-attachment-v1-8d3bd8fa\0.3.49+73761d2e19\fabric-rendering-data-attachment-v1-8d3bd8fa-0.3.49+73761d2e19.jar to classpath.
[11:24:31] [main/DEBUG] (FabricLoader/Knot) Adding C:\Users\koji\Desktop\ArcSteam\Koko\.gradle\loom-cache\remapped_mods\remapped\net\fabricmc\fabric-api\fabric-block-view-api-v2-8d3bd8fa\1.0.11+ebb2264e19\fabric-block-view-api-v2-8d3bd8fa-1.0.11+ebb2264e19.jar to classpath.
[11:24:31] [main/DEBUG] (FabricLoader/Knot) Adding C:\Users\koji\Desktop\ArcSteam\Koko\.gradle\loom-cache\remapped_mods\remapped\net\fabricmc\fabric-api\fabric-crash-report-info-v1-8d3bd8fa\0.2.29+0af3f5a719\fabric-crash-report-info-v1-8d3bd8fa-0.2.29+0af3f5a719.jar to classpath.
[11:24:31] [main/DEBUG] (FabricLoader/Knot) Adding C:\Users\koji\Desktop\ArcSteam\Koko\.gradle\loom-cache\remapped_mods\remapped\net\fabricmc\fabric-api\fabric-dimensions-v1-8d3bd8fa\4.0.1+65213ef819\fabric-dimensions-v1-8d3bd8fa-4.0.1+65213ef819.jar to classpath.
[11:24:31] [main/DEBUG] (FabricLoader/Knot) Adding C:\Users\koji\Desktop\ArcSteam\Koko\.gradle\loom-cache\remapped_mods\remapped\net\fabricmc\fabric-api\fabric-game-rule-api-v1-8d3bd8fa\1.0.53+6ced4dd919\fabric-game-rule-api-v1-8d3bd8fa-1.0.53+6ced4dd919.jar to classpath.
[11:24:31] [main/DEBUG] (FabricLoader/Knot) Adding C:\Users\koji\Desktop\ArcSteam\Koko\.gradle\loom-cache\remapped_mods\remapped\net\fabricmc\fabric-api\fabric-keybindings-v0-8d3bd8fa\0.2.45+df3654b319\fabric-keybindings-v0-8d3bd8fa-0.2.45+df3654b319.jar to classpath.
[11:24:31] [main/DEBUG] (FabricLoader/Knot) Adding C:\Users\koji\Desktop\ArcSteam\Koko\.gradle\loom-cache\remapped_mods\remapped\net\fabricmc\fabric-api\fabric-key-binding-api-v1-8d3bd8fa\1.0.47+0af3f5a719\fabric-key-binding-api-v1-8d3bd8fa-1.0.47+0af3f5a719.jar to classpath.
[11:24:31] [main/DEBUG] (FabricLoader/Knot) Adding C:\Users\koji\Desktop\ArcSteam\Koko\.gradle\loom-cache\remapped_mods\remapped\net\fabricmc\fabric-api\fabric-resource-conditions-api-v1-8d3bd8fa\4.3.0+8dc279b119\fabric-resource-conditions-api-v1-8d3bd8fa-4.3.0+8dc279b119.jar to classpath.
[11:24:31] [main/DEBUG] (FabricLoader/Knot) Adding C:\Users\koji\Desktop\ArcSteam\Koko\.gradle\loom-cache\remapped_mods\remapped\net\fabricmc\fabric-api\fabric-resource-loader-v0-8d3bd8fa\1.3.1+5b5275af19\fabric-resource-loader-v0-8d3bd8fa-1.3.1+5b5275af19.jar to classpath.
[11:24:31] [main/DEBUG] (FabricLoader/Knot) Adding C:\Users\koji\Desktop\ArcSteam\Koko\.gradle\loom-cache\remapped_mods\remapped\net\fabricmc\fabric-api\fabric-sound-api-v1-8d3bd8fa\1.0.23+6573ed8c19\fabric-sound-api-v1-8d3bd8fa-1.0.23+6573ed8c19.jar to classpath.
[11:24:31] [main/DEBUG] (FabricLoader/Knot) Adding C:\Users\koji\Desktop\ArcSteam\Koko\.gradle\loom-cache\remapped_mods\remapped\net\fabricmc\fabric-api\fabric-transitive-access-wideners-v1-8d3bd8fa\6.2.0+45b9699719\fabric-transitive-access-wideners-v1-8d3bd8fa-6.2.0+45b9699719.jar to classpath.
[11:24:31] [main/DEBUG] (FabricLoader/Knot) Adding C:\Users\koji\.gradle\caches\modules-2\files-2.1\org.jetbrains\annotations\23.0.0\8cc20c07506ec18e0834947b84a864bfc094484e\annotations-23.0.0.jar to classpath.
[11:24:31] [main/DEBUG] (FabricLoader/Knot) Adding C:\Users\koji\.gradle\caches\modules-2\files-2.1\org.jline\jline-reader\3.20.0\8f15415b022a25b473e8e16c28ae913186ffb9c4\jline-reader-3.20.0.jar to classpath.
[11:24:31] [main/DEBUG] (FabricLoader/Knot) Adding C:\Users\koji\.gradle\caches\modules-2\files-2.1\org.jline\jline-terminal\3.20.0\d0ddcc708ddf527a3454c941b7b9225cc83a15ff\jline-terminal-3.20.0.jar to classpath.
[11:24:31] [main/DEBUG] (FabricLoader/Knot) Adding C:\Users\koji\AppData\Local\Temp\2195026494719040070.jar to classpath.
[11:24:31] [main/DEBUG] (FabricLoader/Entrypoint) No subscribers for entrypoint 'preLaunch'
[11:24:31] [main/DEBUG] (FabricLoader/Mixin) Preparing mixins for MixinEnvironment[DEFAULT]
[11:24:31] [main/DEBUG] (FabricLoader/Mixin) Selecting config fabric-block-view-api-v2.mixins.json
[11:24:31] [main/DEBUG] (FabricLoader/Mixin) Remapping refMap fabric-block-view-api-v2-refmap.json using remapper chain
[11:24:31] [main/DEBUG] (FabricLoader/Mixin) Selecting config fabric-block-view-api-v2.client.mixins.json
[11:24:31] [main/DEBUG] (FabricLoader/Mixin) Remapping refMap client-fabric-block-view-api-v2-refmap.json using remapper chain
[11:24:31] [main/DEBUG] (FabricLoader/Mixin) Selecting config fabric-convention-tags-api-v2.mixins.json
[11:24:31] [main/DEBUG] (FabricLoader/Mixin) Remapping refMap fabric-convention-tags-v2-refmap.json using remapper chain
[11:24:31] [main/DEBUG] (FabricLoader/Mixin) Selecting config fabric-blockrenderlayer-v1.mixins.json
[11:24:31] [main/DEBUG] (FabricLoader/Mixin) Remapping refMap client-fabric-blockrenderlayer-v1-refmap.json using remapper chain
[11:24:31] [main/DEBUG] (FabricLoader/Mixin) Selecting config fabric-entity-events-v1.mixins.json
[11:24:31] [main/DEBUG] (FabricLoader/Mixin) Remapping refMap fabric-entity-events-v1-refmap.json using remapper chain
[11:24:31] [main/DEBUG] (FabricLoader/Mixin) Selecting config fabric-entity-events-v1.client.mixins.json
[11:24:31] [main/DEBUG] (FabricLoader/Mixin) Remapping refMap client-fabric-entity-events-v1-refmap.json using remapper chain
[11:24:31] [main/DEBUG] (FabricLoader/Mixin) Selecting config fabric-item-group-api-v1.mixins.json
[11:24:31] [main/DEBUG] (FabricLoader/Mixin) Remapping refMap fabric-item-group-api-v1-refmap.json using remapper chain
[11:24:31] [main/DEBUG] (FabricLoader/Mixin) Selecting config fabric-item-group-api-v1.client.mixins.json
[11:24:31] [main/DEBUG] (FabricLoader/Mixin) Remapping refMap client-fabric-item-group-api-v1-refmap.json using remapper chain
[11:24:31] [main/DEBUG] (FabricLoader/Mixin) Selecting config fabric-networking-api-v1.mixins.json
[11:24:31] [main/DEBUG] (FabricLoader/Mixin) Remapping refMap fabric-networking-api-v1-refmap.json using remapper chain
[11:24:31] [main/DEBUG] (FabricLoader/Mixin) Selecting config fabric-networking-api-v1.client.mixins.json
[11:24:31] [main/DEBUG] (FabricLoader/Mixin) Remapping refMap client-fabric-networking-api-v1-refmap.json using remapper chain
[11:24:31] [main/DEBUG] (FabricLoader/Mixin) Selecting config fabric-item-api-v1.mixins.json
[11:24:31] [main/DEBUG] (FabricLoader/Mixin) Remapping refMap fabric-item-api-v1-refmap.json using remapper chain
[11:24:31] [main/DEBUG] (FabricLoader/Mixin) Selecting config fabric-item-api-v1.client.mixins.json
[11:24:31] [main/DEBUG] (FabricLoader/Mixin) Remapping refMap client-fabric-item-api-v1-refmap.json using remapper chain
[11:24:31] [main/DEBUG] (FabricLoader/Mixin) Selecting config fabric-events-interaction-v0.mixins.json
[11:24:31] [main/DEBUG] (FabricLoader/Mixin) Remapping refMap fabric-events-interaction-v0-refmap.json using remapper chain
[11:24:31] [main/DEBUG] (FabricLoader/Mixin) Selecting config fabric-events-interaction-v0.client.mixins.json
[11:24:31] [main/DEBUG] (FabricLoader/Mixin) Remapping refMap client-fabric-events-interaction-v0-refmap.json using remapper chain
[11:24:31] [main/DEBUG] (FabricLoader/Mixin) Selecting config fabric-data-generation-api-v1.mixins.json
[11:24:31] [main/DEBUG] (FabricLoader/Mixin) Remapping refMap fabric-data-generation-api-v1-refmap.json using remapper chain
[11:24:31] [main/DEBUG] (FabricLoader/Mixin) Selecting config fabric-data-generation-api-v1.client.mixins.json
[11:24:31] [main/DEBUG] (FabricLoader/Mixin) Remapping refMap client-fabric-data-generation-api-v1-refmap.json using remapper chain
[11:24:31] [main/DEBUG] (FabricLoader/Mixin) Selecting config fabric-gametest-api-v1.mixins.json
[11:24:31] [main/DEBUG] (FabricLoader/Mixin) Remapping refMap fabric-gametest-api-v1-refmap.json using remapper chain
[11:24:31] [main/DEBUG] (FabricLoader/Mixin) Selecting config fabric-data-attachment-api-v1.mixins.json
[11:24:31] [main/DEBUG] (FabricLoader/Mixin) Remapping refMap fabric-data-attachment-api-v1-refmap.json using remapper chain
[11:24:31] [main/DEBUG] (FabricLoader/Mixin) Selecting config fabric-data-attachment-api-v1.client.mixins.json
[11:24:31] [main/DEBUG] (FabricLoader/Mixin) Remapping refMap client-fabric-data-attachment-api-v1-refmap.json using remapper chain
[11:24:31] [main/DEBUG] (FabricLoader/Mixin) Selecting config fabric-crash-report-info-v1.mixins.json
[11:24:31] [main/DEBUG] (FabricLoader/Mixin) Remapping refMap fabric-crash-report-info-v1-refmap.json using remapper chain
[11:24:31] [main/DEBUG] (FabricLoader/Mixin) Selecting config fabric-resource-loader-v0.mixins.json
[11:24:31] [main/DEBUG] (FabricLoader/Mixin) Remapping refMap fabric-resource-loader-v0-refmap.json using remapper chain
[11:24:31] [main/DEBUG] (FabricLoader/Mixin) Selecting config fabric-resource-loader-v0.client.mixins.json
[11:24:31] [main/DEBUG] (FabricLoader/Mixin) Remapping refMap client-fabric-resource-loader-v0-refmap.json using remapper chain
[11:24:31] [main/DEBUG] (FabricLoader/Mixin) Selecting config fabric-command-api-v2.mixins.json
[11:24:31] [main/DEBUG] (FabricLoader/Mixin) Remapping refMap fabric-command-api-v2-refmap.json using remapper chain
[11:24:31] [main/DEBUG] (FabricLoader/Mixin) Selecting config fabric-command-api-v2.client.mixins.json
[11:24:31] [main/DEBUG] (FabricLoader/Mixin) Remapping refMap client-fabric-command-api-v2-refmap.json using remapper chain
[11:24:31] [main/DEBUG] (FabricLoader/Mixin) Selecting config fabric-particles-v1.client.mixins.json
[11:24:31] [main/DEBUG] (FabricLoader/Mixin) Remapping refMap client-fabric-particles-v1-refmap.json using remapper chain
[11:24:31] [main/DEBUG] (FabricLoader/Mixin) Selecting config fabric-rendering-v1.mixins.json
[11:24:31] [main/DEBUG] (FabricLoader/Mixin) Remapping refMap client-fabric-rendering-v1-refmap.json using remapper chain
[11:24:31] [main/DEBUG] (FabricLoader/Mixin) Selecting config fabric-sound-api-v1.mixins.json
[11:24:31] [main/DEBUG] (FabricLoader/Mixin) Remapping refMap client-fabric-sound-api-v1-refmap.json using remapper chain
[11:24:31] [main/DEBUG] (FabricLoader/Mixin) Selecting config fabric-rendering-data-attachment-v1.mixins.json
[11:24:31] [main/DEBUG] (FabricLoader/Mixin) Remapping refMap fabric-rendering-data-attachment-v1-refmap.json using remapper chain
[11:24:31] [main/DEBUG] (FabricLoader/Mixin) Selecting config fabric-rendering-data-attachment-v1.client.mixins.json
[11:24:31] [main/DEBUG] (FabricLoader/Mixin) Remapping refMap client-fabric-rendering-data-attachment-v1-refmap.json using remapper chain
[11:24:31] [main/DEBUG] (FabricLoader/Mixin) Selecting config fabric-lifecycle-events-v1.mixins.json
[11:24:31] [main/DEBUG] (FabricLoader/Mixin) Remapping refMap fabric-lifecycle-events-v1-refmap.json using remapper chain
[11:24:31] [main/DEBUG] (FabricLoader/Mixin) Selecting config fabric-lifecycle-events-v1.client.mixins.json
[11:24:31] [main/DEBUG] (FabricLoader/Mixin) Remapping refMap client-fabric-lifecycle-events-v1-refmap.json using remapper chain
[11:24:31] [main/DEBUG] (FabricLoader/Mixin) Selecting config fabric-key-binding-api-v1.mixins.json
[11:24:31] [main/DEBUG] (FabricLoader/Mixin) Remapping refMap client-fabric-key-binding-api-v1-refmap.json using remapper chain
[11:24:31] [main/DEBUG] (FabricLoader/Mixin) Selecting config fabric-game-rule-api-v1.mixins.json
[11:24:31] [main/DEBUG] (FabricLoader/Mixin) Remapping refMap fabric-game-rule-api-v1-refmap.json using remapper chain
[11:24:31] [main/DEBUG] (FabricLoader/Mixin) Selecting config fabric-game-rule-api-v1.client.mixins.json
[11:24:31] [main/DEBUG] (FabricLoader/Mixin) Remapping refMap client-fabric-game-rule-api-v1-refmap.json using remapper chain
[11:24:31] [main/DEBUG] (FabricLoader/Mixin) Selecting config fabric-block-api-v1.mixins.json
[11:24:31] [main/DEBUG] (FabricLoader/Mixin) Remapping refMap fabric-block-api-v1-refmap.json using remapper chain
[11:24:31] [main/DEBUG] (FabricLoader/Mixin) Selecting config fabric-resource-conditions-api-v1.mixins.json
[11:24:31] [main/DEBUG] (FabricLoader/Mixin) Remapping refMap fabric-resource-conditions-api-v1-refmap.json using remapper chain
[11:24:31] [main/DEBUG] (FabricLoader/Mixin) Selecting config fabric-model-loading-api-v1.mixins.json
[11:24:31] [main/DEBUG] (FabricLoader/Mixin) Remapping refMap client-fabric-model-loading-api-v1-refmap.json using remapper chain
[11:24:31] [main/DEBUG] (FabricLoader/Mixin) Selecting config fabric-loot-api-v2.mixins.json
[11:24:31] [main/DEBUG] (FabricLoader/Mixin) Remapping refMap fabric-loot-api-v2-refmap.json using remapper chain
[11:24:31] [main/DEBUG] (FabricLoader/Mixin) Selecting config mixinextras.init.mixins.json
[11:24:31] [main/DEBUG] (FabricLoader/MixinExtras|Service) com.llamalad7.mixinextras.service.MixinExtrasServiceImpl(version=0.5.0) is taking over from null
[11:24:31] [main/DEBUG] (FabricLoader/Mixin) Registering new injector for @Inject with org.spongepowered.asm.mixin.injection.struct.CallbackInjectionInfo
[11:24:31] [main/DEBUG] (FabricLoader/Mixin) Registering new injector for @ModifyArg with org.spongepowered.asm.mixin.injection.struct.ModifyArgInjectionInfo
[11:24:31] [main/DEBUG] (FabricLoader/Mixin) Registering new injector for @ModifyArgs with org.spongepowered.asm.mixin.injection.struct.ModifyArgsInjectionInfo
[11:24:31] [main/DEBUG] (FabricLoader/Mixin) Registering new injector for @Redirect with org.spongepowered.asm.mixin.injection.struct.RedirectInjectionInfo
[11:24:31] [main/DEBUG] (FabricLoader/Mixin) Registering new injector for @ModifyVariable with org.spongepowered.asm.mixin.injection.struct.ModifyVariableInjectionInfo
[11:24:31] [main/DEBUG] (FabricLoader/Mixin) Registering new injector for @ModifyConstant with org.spongepowered.asm.mixin.injection.struct.ModifyConstantInjectionInfo
[11:24:31] [main/DEBUG] (FabricLoader/Mixin) Selecting config fabric-content-registries-v0.mixins.json
[11:24:31] [main/DEBUG] (FabricLoader/Mixin) Remapping refMap fabric-content-registries-v0-refmap.json using remapper chain
[11:24:31] [main/DEBUG] (FabricLoader/Mixin) Selecting config fabric-recipe-api-v1.mixins.json
[11:24:31] [main/DEBUG] (FabricLoader/Mixin) Remapping refMap fabric-recipe-api-v1-refmap.json using remapper chain
[11:24:31] [main/DEBUG] (FabricLoader/Mixin) Selecting config fabric-renderer-api-v1.mixins.json
[11:24:31] [main/DEBUG] (FabricLoader/Mixin) Remapping refMap client-fabric-renderer-api-v1-refmap.json using remapper chain
[11:24:31] [main/DEBUG] (FabricLoader/Mixin) Selecting config fabric-renderer-api-v1.debughud.mixins.json
[11:24:31] [main/DEBUG] (FabricLoader/Mixin) Remapping refMap client-fabric-renderer-api-v1-refmap.json using remapper chain
[11:24:31] [main/DEBUG] (FabricLoader/Mixin) Selecting config fabric-transfer-api-v1.mixins.json
[11:24:31] [main/DEBUG] (FabricLoader/Mixin) Remapping refMap fabric-transfer-api-v1-refmap.json using remapper chain
[11:24:31] [main/DEBUG] (FabricLoader/Mixin) Selecting config fabric-object-builder-v1.mixins.json
[11:24:31] [main/DEBUG] (FabricLoader/Mixin) Remapping refMap fabric-object-builder-api-v1-refmap.json using remapper chain
[11:24:31] [main/DEBUG] (FabricLoader/Mixin) Selecting config fabric-object-builder-v1.client.mixins.json
[11:24:31] [main/DEBUG] (FabricLoader/Mixin) Remapping refMap client-fabric-object-builder-api-v1-refmap.json using remapper chain
[11:24:31] [main/DEBUG] (FabricLoader/Mixin) Selecting config fabric-rendering-fluids-v1.mixins.json
[11:24:31] [main/DEBUG] (FabricLoader/Mixin) Remapping refMap client-fabric-rendering-fluids-v1-refmap.json using remapper chain
[11:24:31] [main/DEBUG] (FabricLoader/Mixin) Selecting config fabric-dimensions-v1.mixins.json
[11:24:31] [main/DEBUG] (FabricLoader/Mixin) Remapping refMap fabric-dimensions-v1-refmap.json using remapper chain
[11:24:31] [main/DEBUG] (FabricLoader/Mixin) Selecting config fabric-message-api-v1.mixins.json
[11:24:31] [main/DEBUG] (FabricLoader/Mixin) Remapping refMap fabric-message-api-v1-refmap.json using remapper chain
[11:24:31] [main/DEBUG] (FabricLoader/Mixin) Selecting config fabric-message-api-v1.client.mixins.json
[11:24:31] [main/DEBUG] (FabricLoader/Mixin) Remapping refMap client-fabric-message-api-v1-refmap.json using remapper chain
[11:24:31] [main/DEBUG] (FabricLoader/Mixin) Selecting config koko.mixins.json
[11:24:31] [main/DEBUG] (FabricLoader/Mixin) Selecting config fabric-registry-sync-v0.mixins.json
[11:24:31] [main/DEBUG] (FabricLoader/Mixin) Remapping refMap fabric-registry-sync-v0-refmap.json using remapper chain
[11:24:31] [main/DEBUG] (FabricLoader/Mixin) Selecting config fabric-registry-sync-v0.client.mixins.json
[11:24:31] [main/DEBUG] (FabricLoader/Mixin) Remapping refMap client-fabric-registry-sync-v0-refmap.json using remapper chain
[11:24:31] [main/DEBUG] (FabricLoader/Mixin) Selecting config fabric-loot-api-v3.mixins.json
[11:24:31] [main/DEBUG] (FabricLoader/Mixin) Remapping refMap fabric-loot-api-v3-refmap.json using remapper chain
[11:24:31] [main/DEBUG] (FabricLoader/Mixin) Selecting config fabric-renderer-indigo.mixins.json
[11:24:31] [main/DEBUG] (FabricLoader/Mixin) Remapping refMap client-fabric-renderer-indigo-refmap.json using remapper chain
[11:24:31] [main/DEBUG] (FabricLoader/Mixin) Selecting config fabric-biome-api-v1.mixins.json
[11:24:31] [main/DEBUG] (FabricLoader/Mixin) Remapping refMap fabric-biome-api-v1-refmap.json using remapper chain
[11:24:31] [main/DEBUG] (FabricLoader/Mixin) Selecting config fabric-api-lookup-api-v1.mixins.json
[11:24:31] [main/DEBUG] (FabricLoader/Mixin) Remapping refMap fabric-api-lookup-api-v1-refmap.json using remapper chain
[11:24:31] [main/DEBUG] (FabricLoader/Mixin) Selecting config fabric-screen-api-v1.mixins.json
[11:24:31] [main/DEBUG] (FabricLoader/Mixin) Remapping refMap client-fabric-screen-api-v1-refmap.json using remapper chain
[11:24:31] [main/DEBUG] (FabricLoader/Mixin) Selecting config fabric-screen-handler-api-v1.mixins.json
[11:24:31] [main/DEBUG] (FabricLoader/Mixin) Remapping refMap fabric-screen-handler-api-v1-refmap.json using remapper chain
[11:24:31] [main/DEBUG] (FabricLoader/Mixin) Preparing fabric-block-view-api-v2.mixins.json (3)
[11:24:31] [main/DEBUG] (FabricLoader/Mixin) Preparing fabric-block-view-api-v2.client.mixins.json (2)
[11:24:31] [main/DEBUG] (FabricLoader/Mixin) Preparing fabric-convention-tags-api-v2.mixins.json (1)
[11:24:31] [main/DEBUG] (FabricLoader/Mixin) Preparing fabric-blockrenderlayer-v1.mixins.json (1)
[11:24:31] [main/DEBUG] (FabricLoader/Mixin) Preparing fabric-entity-events-v1.mixins.json (12)
[11:24:31] [main/DEBUG] (FabricLoader/Mixin) Preparing fabric-entity-events-v1.client.mixins.json (1)
[11:24:31] [main/DEBUG] (FabricLoader/Mixin) Preparing fabric-item-group-api-v1.mixins.json (3)
[11:24:31] [main/DEBUG] (FabricLoader/Mixin) Preparing fabric-item-group-api-v1.client.mixins.json (1)
[11:24:31] [main/DEBUG] (FabricLoader/Mixin) Preparing fabric-networking-api-v1.mixins.json (18)
[11:24:31] [main/DEBUG] (FabricLoader/Mixin) Preparing fabric-networking-api-v1.client.mixins.json (9)
[11:24:31] [main/DEBUG] (FabricLoader/Mixin) Preparing fabric-item-api-v1.mixins.json (16)
[11:24:31] [main/DEBUG] (FabricLoader/Mixin) Preparing fabric-item-api-v1.client.mixins.json (3)
[11:24:31] [main/DEBUG] (FabricLoader/Mixin) Preparing fabric-events-interaction-v0.mixins.json (4)
[11:24:31] [main/DEBUG] (FabricLoader/Mixin) Preparing fabric-events-interaction-v0.client.mixins.json (3)
[11:24:31] [main/DEBUG] (FabricLoader/Mixin) Preparing fabric-data-generation-api-v1.mixins.json (11)
[11:24:31] [main/DEBUG] (FabricLoader/Mixin) Preparing fabric-data-generation-api-v1.client.mixins.json (1)
[11:24:31] [main/DEBUG] (FabricLoader/Mixin) Preparing fabric-gametest-api-v1.mixins.json (8)
[11:24:31] [main/DEBUG] (FabricLoader/Mixin) Preparing fabric-data-attachment-api-v1.mixins.json (15)
[11:24:31] [main/DEBUG] (FabricLoader/Mixin) Preparing fabric-data-attachment-api-v1.client.mixins.json (1)
[11:24:31] [main/DEBUG] (FabricLoader/Mixin) Preparing fabric-crash-report-info-v1.mixins.json (1)
[11:24:31] [main/DEBUG] (FabricLoader/Mixin) Preparing fabric-resource-loader-v0.mixins.json (14)
[11:24:31] [main/DEBUG] (FabricLoader/Mixin) Preparing fabric-resource-loader-v0.client.mixins.json (8)
[11:24:31] [main/DEBUG] (FabricLoader/Mixin) Preparing fabric-command-api-v2.mixins.json (5)
[11:24:31] [main/DEBUG] (FabricLoader/Mixin) Preparing fabric-command-api-v2.client.mixins.json (2)
[11:24:31] [main/DEBUG] (FabricLoader/Mixin) Preparing fabric-particles-v1.client.mixins.json (4)
[11:24:31] [main/DEBUG] (FabricLoader/Mixin) Preparing fabric-rendering-v1.mixins.json (20)
[11:24:31] [main/DEBUG] (FabricLoader/Mixin) Preparing fabric-sound-api-v1.mixins.json (2)
[11:24:31] [main/DEBUG] (FabricLoader/Mixin) Preparing fabric-rendering-data-attachment-v1.mixins.json (2)
[11:24:31] [main/DEBUG] (FabricLoader/Mixin) Preparing fabric-rendering-data-attachment-v1.client.mixins.json (1)
[11:24:31] [main/DEBUG] (FabricLoader/Mixin) Preparing fabric-lifecycle-events-v1.mixins.json (11)
[11:24:31] [main/DEBUG] (FabricLoader/Mixin) Preparing fabric-lifecycle-events-v1.client.mixins.json (7)
[11:24:31] [main/DEBUG] (FabricLoader/Mixin) Preparing fabric-key-binding-api-v1.mixins.json (2)
[11:24:31] [main/DEBUG] (FabricLoader/Mixin) Preparing fabric-game-rule-api-v1.mixins.json (6)
[11:24:31] [main/DEBUG] (FabricLoader/Mixin) Preparing fabric-game-rule-api-v1.client.mixins.json (3)
[11:24:31] [main/DEBUG] (FabricLoader/Mixin) Preparing fabric-block-api-v1.mixins.json (5)
[11:24:31] [main/DEBUG] (FabricLoader/Mixin) Preparing fabric-resource-conditions-api-v1.mixins.json (10)
[11:24:31] [main/DEBUG] (FabricLoader/Mixin) Preparing fabric-model-loading-api-v1.mixins.json (4)
[11:24:31] [main/DEBUG] (FabricLoader/Mixin) Preparing fabric-loot-api-v2.mixins.json (2)
[11:24:31] [main/DEBUG] (FabricLoader/Mixin) Preparing mixinextras.init.mixins.json (0)
[11:24:31] [main/DEBUG] (FabricLoader/Mixin) Preparing fabric-content-registries-v0.mixins.json (13)
[11:24:31] [main/DEBUG] (FabricLoader/Mixin) Preparing fabric-recipe-api-v1.mixins.json (4)
[11:24:31] [main/DEBUG] (FabricLoader/Mixin) Preparing fabric-renderer-api-v1.mixins.json (4)
[11:24:31] [main/DEBUG] (FabricLoader/Mixin) Preparing fabric-renderer-api-v1.debughud.mixins.json (1)
[11:24:31] [main/DEBUG] (FabricLoader/Mixin) Preparing fabric-transfer-api-v1.mixins.json (15)
[11:24:31] [main/DEBUG] (FabricLoader/Mixin) Preparing fabric-object-builder-v1.mixins.json (11)
[11:24:31] [main/DEBUG] (FabricLoader/Mixin) Preparing fabric-object-builder-v1.client.mixins.json (5)
[11:24:31] [main/DEBUG] (FabricLoader/Mixin) Preparing fabric-rendering-fluids-v1.mixins.json (1)
[11:24:31] [main/DEBUG] (FabricLoader/Mixin) Preparing fabric-dimensions-v1.mixins.json (4)
[11:24:31] [main/DEBUG] (FabricLoader/Mixin) Preparing fabric-message-api-v1.mixins.json (2)
[11:24:31] [main/DEBUG] (FabricLoader/Mixin) Preparing fabric-message-api-v1.client.mixins.json (2)
[11:24:31] [main/DEBUG] (FabricLoader/Mixin) Preparing koko.mixins.json (0)
[11:24:31] [main/DEBUG] (FabricLoader/Mixin) Preparing fabric-registry-sync-v0.mixins.json (15)
[11:24:31] [main/DEBUG] (FabricLoader/Mixin) Preparing fabric-registry-sync-v0.client.mixins.json (6)
[11:24:31] [main/DEBUG] (FabricLoader/Mixin) Preparing fabric-loot-api-v3.mixins.json (6)
[11:24:31] [main/DEBUG] (FabricLoader/Mixin) Preparing fabric-renderer-indigo.mixins.json (5)
[11:24:31] [main/DEBUG] (FabricLoader/Mixin) Preparing fabric-biome-api-v1.mixins.json (9)
[11:24:31] [main/DEBUG] (FabricLoader/Mixin) Preparing fabric-api-lookup-api-v1.mixins.json (2)
[11:24:31] [main/DEBUG] (FabricLoader/Mixin) Preparing fabric-screen-api-v1.mixins.json (7)
[11:24:31] [main/DEBUG] (FabricLoader/Mixin) Preparing fabric-screen-handler-api-v1.mixins.json (2)
[11:24:31] [main/DEBUG] (FabricLoader/Mixin) Inner class net/fabricmc/fabric/mixin/itemgroup/ItemGroupsMixin$1ItemGroupPosition in net/fabricmc/fabric/mixin/itemgroup/ItemGroupsMixin on net/minecraft/world/item/CreativeModeTabs gets unique name net/minecraft/world/item/CreativeModeTabs$1ItemGroupPosition$8a24b6c2e5ae49d3a556cd18e5f4bc83
[11:24:31] [main/DEBUG] (FabricLoader/Mixin) Inner class net/fabricmc/fabric/mixin/transfer/ChiseledBookshelfBlockEntityMixin$1 in net/fabricmc/fabric/mixin/transfer/ChiseledBookshelfBlockEntityMixin on net/minecraft/world/level/block/entity/ChiseledBookShelfBlockEntity gets unique name net/minecraft/world/level/block/entity/ChiseledBookShelfBlockEntity$Anonymous$1b21544f5bda424a9ccc9764e6141be1
[11:24:31] [main/DEBUG] (FabricLoader/Mixin) Prepared 332 mixins in 0,670 sec (2,0ms avg) (0ms load, 0ms transform, 0ms plugin)
